#options: cpuid=1111039 frame-threads=4 wpp no-pmode no-pme no-psnr no-ssim log-level=0 bitdepth=10 input-csp=1 fps=60/1 input-res=3840x2160 interlace=0 total-frames=0 level-idc=0 high-tier=1 uhd-bd=0 ref=3 no-allow-non-conformance no-repeat-headers annexb no-aud no-hrd info hash=0 no-temporal-layers open-gop min-keyint=25 keyint=250 gop-lookahead=0 bframes=4 b-adapt=2 b-pyramid bframe-bias=0 rc-lookahead=20 lookahead-slices=8 scenecut=40 hist-scenecut=0 radl=0 no-splice no-intra-refresh ctu=64 min-cu-size=8 no-rect no-amp max-tu-size=32 tu-inter-depth=1 tu-intra-depth=1 limit-tu=0 rdoq-level=0 dynamic-rd=0.00 no-ssim-rd signhide no-tskip nr-intra=0 nr-inter=0 no-constrained-intra strong-intra-smoothing max-merge=3 limit-refs=1 no-limit-modes me=1 subme=2 merange=57 temporal-mvp no-frame-dup no-hme weightp no-weightb no-analyze-src-pics deblock=0:0 sao no-sao-non-deblock rd=3 selective-sao=4 early-skip rskip no-fast-intra no-tskip-fast no-cu-lossless b-intra no-splitrd-skip rdpenalty=0 psy-rd=2.00 psy-rdoq=0.00 no-rd-refine no-lossless cbqpoffs=0 crqpoffs=0 rc=abr bitrate=14316 qcomp=0.60 qpstep=4 stats-write=1 stats-read=0 slow-firstpass ipratio=1.40 pbratio=1.30 aq-mode=2 aq-strength=1.00 cutree zone-count=0 no-strict-cbr qg-size=32 no-rc-grain qpmax=69 qpmin=0 no-const-vbv sar=0 overscan=0 videoformat=5 range=0 colorprim=9 transfer=18 colormatrix=9 chromaloc=1 chromaloc-top=0 chromaloc-bottom=0 display-window=0 cll=0,0 min-luma=0 max-luma=1023 log2-max-poc-lsb=8 vui-timing-info vui-hrd-info slices=1 no-opt-qp-pps no-opt-ref-list-length-pps no-multi-pass-opt-rps scenecut-bias=0.05 hist-threshold=0.03 no-opt-cu-delta-qp no-aq-motion no-hdr10 no-hdr10-opt no-dhdr10-opt no-idr-recovery-sei analysis-reuse-level=0 analysis-save-reuse-level=0 analysis-load-reuse-level=0 scale-factor=0 refine-intra=0 refine-inter=0 refine-mv=1 refine-ctu-distortion=0 no-limit-sao ctu-info=0 no-lowpass-dct refine-analysis-type=0 copy-pic=1 max-ausize-factor=1.0 no-dynamic-refine no-single-sei no-hevc-aq no-svt no-field qp-adaptation-range=1.00 scenecut-aware-qp=0conformance-window-offsets right=0 bottom=0 decoder-max-rate=0 no-vbv-live-multi-pass
in:0 out:0 type:I q:37.00 q-aq:29.04 q-noVbv:37.00 q-Rceq:1.42 tex:553232 mv:115918 misc:29635 icu:32400.00 pcu:0.00 scu:0.00 sc:0 ;
in:4 out:1 type:P q:43.91 q-aq:43.48 q-noVbv:43.91 q-Rceq:1.42 tex:775 mv:4824 misc:2790 icu:21.25 pcu:311.50 scu:32067.25 sc:0 ;
in:2 out:2 type:B q:45.05 q-aq:45.00 q-noVbv:45.05 q-Rceq:1.42 tex:0 mv:3390 misc:1257 icu:0.00 pcu:36.00 scu:32364.00 sc:0 ;
in:1 out:3 type:b q:46.18 q-aq:46.00 q-noVbv:46.18 q-Rceq:1.42 tex:0 mv:2268 misc:1213 icu:0.00 pcu:20.00 scu:32380.00 sc:0 ;
in:3 out:4 type:b q:46.18 q-aq:45.98 q-noVbv:46.18 q-Rceq:1.42 tex:188 mv:2217 misc:1002 icu:0.00 pcu:48.00 scu:32352.00 sc:0 ;
in:8 out:5 type:P q:39.91 q-aq:36.48 q-noVbv:39.91 q-Rceq:1.42 tex:19463 mv:12094 misc:8849 icu:10.00 pcu:2345.50 scu:30044.50 sc:0 ;
in:6 out:6 type:B q:43.05 q-aq:43.00 q-noVbv:43.05 q-Rceq:1.42 tex:1 mv:4899 misc:2137 icu:0.00 pcu:14.00 scu:32386.00 sc:0 ;
in:5 out:7 type:b q:45.18 q-aq:45.00 q-noVbv:45.18 q-Rceq:1.42 tex:0 mv:3043 misc:1789 icu:0.00 pcu:0.00 scu:32400.00 sc:0 ;
in:7 out:8 type:b q:43.18 q-aq:42.93 q-noVbv:43.18 q-Rceq:1.42 tex:160 mv:3630 misc:1900 icu:0.00 pcu:52.00 scu:32348.00 sc:0 ;
in:12 out:9 type:P q:35.91 q-aq:30.11 q-noVbv:35.91 q-Rceq:1.42 tex:154708 mv:34594 misc:27126 icu:161.00 pcu:15159.00 scu:17080.00 sc:0 ;
in:10 out:10 type:B q:39.05 q-aq:38.73 q-noVbv:39.05 q-Rceq:1.42 tex:352 mv:5379 misc:2246 icu:0.00 pcu:469.00 scu:31931.00 sc:0 ;
in:9 out:11 type:b q:41.18 q-aq:41.00 q-noVbv:41.18 q-Rceq:1.42 tex:0 mv:2725 misc:865 icu:0.00 pcu:16.00 scu:32384.00 sc:0 ;
in:11 out:12 type:b q:39.18 q-aq:38.81 q-noVbv:39.18 q-Rceq:1.42 tex:411 mv:3864 misc:1742 icu:0.00 pcu:205.00 scu:32195.00 sc:0 ;
in:16 out:13 type:P q:31.91 q-aq:25.48 q-noVbv:31.91 q-Rceq:1.42 tex:439677 mv:65296 misc:40820 icu:578.50 pcu:25984.00 scu:5837.50 sc:0 ;
in:14 out:14 type:B q:35.05 q-aq:33.18 q-noVbv:35.05 q-Rceq:1.42 tex:5970 mv:7543 misc:4169 icu:21.25 pcu:1254.50 scu:31124.25 sc:0 ;
in:13 out:15 type:b q:37.18 q-aq:36.88 q-noVbv:37.18 q-Rceq:1.42 tex:176 mv:2958 misc:894 icu:0.00 pcu:121.00 scu:32279.00 sc:0 ;
in:15 out:16 type:b q:35.18 q-aq:34.60 q-noVbv:35.18 q-Rceq:1.42 tex:800 mv:4794 misc:1877 icu:0.00 pcu:260.50 scu:32139.50 sc:0 ;
in:20 out:17 type:P q:29.49 q-aq:23.02 q-noVbv:29.49 q-Rceq:1.42 tex:643356 mv:95244 misc:47612 icu:777.00 pcu:26087.00 scu:5536.00 sc:0 ;
in:18 out:18 type:B q:31.83 q-aq:29.10 q-noVbv:31.83 q-Rceq:1.42 tex:62684 mv:21153 misc:13953 icu:13.75 pcu:7159.50 scu:25226.75 sc:0 ;
in:17 out:19 type:b q:33.58 q-aq:33.07 q-noVbv:33.58 q-Rceq:1.42 tex:3052 mv:5436 misc:2402 icu:1.50 pcu:759.25 scu:31639.25 sc:0 ;
in:19 out:20 type:b q:32.36 q-aq:31.16 q-noVbv:32.36 q-Rceq:1.42 tex:9286 mv:7877 misc:4562 icu:8.00 pcu:1580.50 scu:30811.50 sc:0 ;
in:24 out:21 type:P q:29.15 q-aq:22.72 q-noVbv:29.15 q-Rceq:1.42 tex:520970 mv:86340 misc:44490 icu:438.50 pcu:23492.50 scu:8469.00 sc:0 ;
in:22 out:22 type:B q:30.45 q-aq:27.30 q-noVbv:30.45 q-Rceq:1.42 tex:128071 mv:32645 misc:18989 icu:56.25 pcu:9790.00 scu:22553.75 sc:0 ;
in:21 out:23 type:b q:31.67 q-aq:30.64 q-noVbv:31.67 q-Rceq:1.42 tex:13907 mv:9106 misc:5263 icu:1.75 pcu:1897.00 scu:30501.25 sc:0 ;
in:23 out:24 type:b q:31.50 q-aq:30.70 q-noVbv:31.50 q-Rceq:1.42 tex:10990 mv:8297 misc:4812 icu:7.00 pcu:1806.50 scu:30586.50 sc:0 ;
in:28 out:25 type:P q:28.78 q-aq:22.47 q-noVbv:28.78 q-Rceq:1.42 tex:549739 mv:85405 misc:41408 icu:468.50 pcu:24058.50 scu:7873.00 sc:0 ;
in:26 out:26 type:B q:30.10 q-aq:26.94 q-noVbv:30.10 q-Rceq:1.42 tex:126306 mv:32324 misc:19202 icu:37.25 pcu:9811.25 scu:22551.50 sc:0 ;
in:25 out:27 type:b q:31.32 q-aq:30.06 q-noVbv:31.32 q-Rceq:1.42 tex:12558 mv:9375 misc:4935 icu:3.75 pcu:1966.25 scu:30430.00 sc:0 ;
in:27 out:28 type:b q:31.14 q-aq:29.90 q-noVbv:31.14 q-Rceq:1.42 tex:16111 mv:10011 misc:6033 icu:3.00 pcu:2635.75 scu:29761.25 sc:0 ;
in:32 out:29 type:P q:28.56 q-aq:22.11 q-noVbv:28.56 q-Rceq:1.42 tex:605875 mv:92256 misc:43045 icu:505.75 pcu:25785.25 scu:6109.00 sc:0 ;
in:30 out:30 type:B q:29.80 q-aq:26.72 q-noVbv:29.80 q-Rceq:1.42 tex:158426 mv:38021 misc:21177 icu:50.00 pcu:11194.75 scu:21155.25 sc:0 ;
in:29 out:31 type:b q:30.99 q-aq:29.77 q-noVbv:30.99 q-Rceq:1.42 tex:22107 mv:11297 misc:6846 icu:4.00 pcu:3072.50 scu:29323.50 sc:0 ;
in:31 out:32 type:b q:30.89 q-aq:29.53 q-noVbv:30.89 q-Rceq:1.42 tex:18198 mv:10817 misc:6684 icu:7.50 pcu:2859.25 scu:29533.25 sc:0 ;
in:36 out:33 type:P q:28.49 q-aq:21.99 q-noVbv:28.49 q-Rceq:1.42 tex:574136 mv:91688 misc:41758 icu:517.25 pcu:24462.00 scu:7420.75 sc:0 ;
in:34 out:34 type:B q:29.66 q-aq:26.53 q-noVbv:29.66 q-Rceq:1.42 tex:140250 mv:34939 misc:19875 icu:51.50 pcu:10902.00 scu:21446.50 sc:0 ;
in:33 out:35 type:b q:30.81 q-aq:29.52 q-noVbv:30.81 q-Rceq:1.42 tex:21314 mv:10924 misc:6752 icu:7.50 pcu:2846.75 scu:29545.75 sc:0 ;
in:35 out:36 type:b q:30.78 q-aq:29.66 q-noVbv:30.78 q-Rceq:1.42 tex:13530 mv:9432 misc:5804 icu:3.50 pcu:2232.25 scu:30164.25 sc:0 ;
in:40 out:37 type:P q:28.40 q-aq:21.92 q-noVbv:28.40 q-Rceq:1.42 tex:543650 mv:83696 misc:40410 icu:396.25 pcu:25198.75 scu:6805.00 sc:0 ;
in:38 out:38 type:B q:29.58 q-aq:26.46 q-noVbv:29.58 q-Rceq:1.42 tex:132063 mv:34889 misc:19541 icu:40.50 pcu:10401.25 scu:21958.25 sc:0 ;
in:37 out:39 type:b q:30.73 q-aq:29.51 q-noVbv:30.73 q-Rceq:1.42 tex:12439 mv:9304 misc:5564 icu:1.25 pcu:2251.75 scu:30147.00 sc:0 ;
in:39 out:40 type:b q:30.69 q-aq:29.39 q-noVbv:30.69 q-Rceq:1.42 tex:20354 mv:11331 misc:6873 icu:5.25 pcu:3321.25 scu:29073.50 sc:0 ;
in:44 out:41 type:P q:28.25 q-aq:21.84 q-noVbv:28.25 q-Rceq:1.42 tex:579292 mv:85235 misc:39868 icu:443.75 pcu:24818.00 scu:7138.25 sc:0 ;
in:42 out:42 type:B q:29.46 q-aq:26.26 q-noVbv:29.46 q-Rceq:1.42 tex:129116 mv:34484 misc:19470 icu:42.75 pcu:10827.50 scu:21529.75 sc:0 ;
in:41 out:43 type:b q:30.63 q-aq:29.26 q-noVbv:30.63 q-Rceq:1.42 tex:14140 mv:9220 misc:5327 icu:4.00 pcu:2499.25 scu:29896.75 sc:0 ;
in:43 out:44 type:b q:30.56 q-aq:29.20 q-noVbv:30.56 q-Rceq:1.42 tex:15106 mv:9215 misc:5727 icu:2.75 pcu:2584.25 scu:29813.00 sc:0 ;
in:48 out:45 type:P q:28.14 q-aq:22.13 q-noVbv:28.14 q-Rceq:1.42 tex:550152 mv:79724 misc:38490 icu:343.25 pcu:24076.00 scu:7980.75 sc:0 ;
in:46 out:46 type:B q:29.33 q-aq:25.98 q-noVbv:29.33 q-Rceq:1.42 tex:170162 mv:37397 misc:20844 icu:55.75 pcu:12099.25 scu:20245.00 sc:0 ;
in:45 out:47 type:b q:30.50 q-aq:29.05 q-noVbv:30.50 q-Rceq:1.42 tex:10124 mv:7726 misc:4685 icu:5.25 pcu:1880.75 scu:30514.00 sc:0 ;
in:47 out:48 type:b q:30.44 q-aq:28.83 q-noVbv:30.44 q-Rceq:1.42 tex:24316 mv:12588 misc:8022 icu:9.75 pcu:4102.50 scu:28287.75 sc:0 ;
in:52 out:49 type:P q:28.02 q-aq:22.66 q-noVbv:28.02 q-Rceq:1.42 tex:514972 mv:82157 misc:35851 icu:448.75 pcu:20268.00 scu:11683.25 sc:0 ;
in:50 out:50 type:B q:29.22 q-aq:26.00 q-noVbv:29.22 q-Rceq:1.42 tex:194263 mv:44527 misc:22715 icu:86.00 pcu:12648.00 scu:19666.00 sc:0 ;
in:49 out:51 type:b q:30.38 q-aq:28.78 q-noVbv:30.38 q-Rceq:1.42 tex:35592 mv:15649 misc:9747 icu:20.25 pcu:5061.50 scu:27318.25 sc:0 ;
in:51 out:52 type:b q:30.32 q-aq:28.94 q-noVbv:30.32 q-Rceq:1.42 tex:22094 mv:11783 misc:7032 icu:7.75 pcu:2924.50 scu:29467.75 sc:0 ;
in:56 out:53 type:P q:27.94 q-aq:21.44 q-noVbv:27.94 q-Rceq:1.42 tex:1078492 mv:120880 misc:48322 icu:3374.25 pcu:23016.25 scu:6009.50 sc:0 ;
in:54 out:54 type:B q:29.12 q-aq:25.70 q-noVbv:29.12 q-Rceq:1.42 tex:194019 mv:46713 misc:23212 icu:57.00 pcu:12533.50 scu:19809.50 sc:0 ;
in:53 out:55 type:b q:30.27 q-aq:28.73 q-noVbv:30.27 q-Rceq:1.42 tex:28468 mv:13830 misc:8607 icu:10.75 pcu:4220.75 scu:28168.50 sc:0 ;
in:55 out:56 type:b q:30.23 q-aq:28.97 q-noVbv:30.23 q-Rceq:1.42 tex:17627 mv:12469 misc:7256 icu:15.25 pcu:2436.25 scu:29948.50 sc:0 ;
in:60 out:57 type:P q:28.43 q-aq:22.21 q-noVbv:28.43 q-Rceq:1.42 tex:570149 mv:87918 misc:39760 icu:698.75 pcu:21631.50 scu:10069.75 sc:0 ;
in:58 out:58 type:B q:29.32 q-aq:26.22 q-noVbv:29.32 q-Rceq:1.42 tex:173665 mv:44212 misc:22341 icu:80.25 pcu:10457.75 scu:21862.00 sc:0 ;
in:57 out:59 type:b q:30.33 q-aq:29.04 q-noVbv:30.33 q-Rceq:1.42 tex:29159 mv:15866 misc:9504 icu:9.50 pcu:3466.25 scu:28924.25 sc:0 ;
in:59 out:60 type:b q:30.58 q-aq:29.47 q-noVbv:30.58 q-Rceq:1.42 tex:19677 mv:11544 misc:6750 icu:4.00 pcu:2579.75 scu:29816.25 sc:0 ;
in:64 out:61 type:P q:28.44 q-aq:22.29 q-noVbv:28.44 q-Rceq:1.42 tex:557727 mv:93006 misc:39474 icu:587.50 pcu:21508.50 scu:10304.00 sc:0 ;
in:62 out:62 type:B q:29.57 q-aq:26.54 q-noVbv:29.57 q-Rceq:1.42 tex:168840 mv:41833 misc:21958 icu:91.50 pcu:10650.00 scu:21658.50 sc:0 ;
in:61 out:63 type:b q:30.71 q-aq:29.43 q-noVbv:30.71 q-Rceq:1.42 tex:23880 mv:13156 misc:7701 icu:9.25 pcu:3359.75 scu:29031.00 sc:0 ;
in:63 out:64 type:b q:30.71 q-aq:29.48 q-noVbv:30.71 q-Rceq:1.42 tex:22220 mv:12584 misc:7712 icu:10.00 pcu:3013.25 scu:29376.75 sc:0 ;
in:68 out:65 type:P q:28.42 q-aq:22.33 q-noVbv:28.42 q-Rceq:1.42 tex:522239 mv:91270 misc:40424 icu:511.00 pcu:21991.25 scu:9897.75 sc:0 ;
in:66 out:66 type:B q:29.56 q-aq:26.70 q-noVbv:29.56 q-Rceq:1.42 tex:149091 mv:38261 misc:20572 icu:58.75 pcu:10165.75 scu:22175.50 sc:0 ;
in:65 out:67 type:b q:30.70 q-aq:29.58 q-noVbv:30.70 q-Rceq:1.42 tex:19104 mv:11365 misc:6783 icu:3.25 pcu:2712.50 scu:29684.25 sc:0 ;
in:67 out:68 type:b q:30.70 q-aq:29.57 q-noVbv:30.70 q-Rceq:1.42 tex:17510 mv:10800 misc:6594 icu:10.75 pcu:2458.75 scu:29930.50 sc:0 ;
in:72 out:69 type:P q:28.38 q-aq:22.44 q-noVbv:28.38 q-Rceq:1.42 tex:509558 mv:96203 misc:40252 icu:542.50 pcu:21642.25 scu:10215.25 sc:0 ;
in:70 out:70 type:B q:29.54 q-aq:26.70 q-noVbv:29.54 q-Rceq:1.42 tex:150150 mv:41727 misc:21089 icu:67.75 pcu:10092.75 scu:22239.50 sc:0 ;
in:69 out:71 type:b q:30.68 q-aq:29.47 q-noVbv:30.68 q-Rceq:1.42 tex:21065 mv:11707 misc:7030 icu:2.50 pcu:2715.00 scu:29682.50 sc:0 ;
in:71 out:72 type:b q:30.66 q-aq:29.48 q-noVbv:30.66 q-Rceq:1.42 tex:23141 mv:12481 misc:7459 icu:6.75 pcu:2895.75 scu:29497.50 sc:0 ;
in:76 out:73 type:P q:28.33 q-aq:22.34 q-noVbv:28.33 q-Rceq:1.42 tex:585943 mv:105890 misc:40711 icu:837.75 pcu:23338.00 scu:8224.25 sc:0 ;
in:74 out:74 type:B q:29.49 q-aq:26.26 q-noVbv:29.49 q-Rceq:1.42 tex:155742 mv:48915 misc:22898 icu:82.75 pcu:11423.25 scu:20894.00 sc:0 ;
in:73 out:75 type:b q:30.64 q-aq:29.54 q-noVbv:30.64 q-Rceq:1.42 tex:22208 mv:15562 misc:8187 icu:14.50 pcu:3157.25 scu:29228.25 sc:0 ;
in:75 out:76 type:b q:30.61 q-aq:29.58 q-noVbv:30.61 q-Rceq:1.42 tex:26489 mv:15811 misc:8639 icu:6.50 pcu:3156.50 scu:29237.00 sc:0 ;
in:80 out:77 type:P q:28.36 q-aq:22.42 q-noVbv:28.36 q-Rceq:1.42 tex:606036 mv:105214 misc:41372 icu:831.00 pcu:23437.25 scu:8131.75 sc:0 ;
in:78 out:78 type:B q:29.48 q-aq:26.21 q-noVbv:29.48 q-Rceq:1.42 tex:181932 mv:50495 misc:23598 icu:102.25 pcu:12074.25 scu:20223.50 sc:0 ;
in:77 out:79 type:b q:30.60 q-aq:29.39 q-noVbv:30.60 q-Rceq:1.42 tex:30479 mv:17090 misc:9612 icu:14.50 pcu:3576.00 scu:28809.50 sc:0 ;
in:79 out:80 type:b q:30.62 q-aq:29.58 q-noVbv:30.62 q-Rceq:1.42 tex:23001 mv:15021 misc:8323 icu:6.25 pcu:3213.75 scu:29180.00 sc:0 ;
in:84 out:81 type:P q:28.40 q-aq:22.42 q-noVbv:28.40 q-Rceq:1.42 tex:562414 mv:103684 misc:41598 icu:780.75 pcu:23811.75 scu:7807.50 sc:0 ;
in:82 out:82 type:B q:29.52 q-aq:26.51 q-noVbv:29.52 q-Rceq:1.42 tex:165619 mv:46025 misc:22428 icu:77.50 pcu:11526.00 scu:20796.50 sc:0 ;
in:81 out:83 type:b q:30.64 q-aq:29.53 q-noVbv:30.64 q-Rceq:1.42 tex:27919 mv:15697 misc:8789 icu:6.50 pcu:3507.00 scu:28886.50 sc:0 ;
in:83 out:84 type:b q:30.66 q-aq:29.54 q-noVbv:30.66 q-Rceq:1.42 tex:25293 mv:15081 misc:8394 icu:13.25 pcu:3470.50 scu:28916.25 sc:0 ;
in:88 out:85 type:P q:28.43 q-aq:22.45 q-noVbv:28.43 q-Rceq:1.42 tex:582658 mv:103943 misc:41582 icu:800.25 pcu:24148.75 scu:7451.00 sc:0 ;
in:86 out:86 type:B q:29.55 q-aq:26.48 q-noVbv:29.55 q-Rceq:1.42 tex:172286 mv:49230 misc:22641 icu:103.75 pcu:11104.75 scu:21191.50 sc:0 ;
in:85 out:87 type:b q:30.68 q-aq:29.56 q-noVbv:30.68 q-Rceq:1.42 tex:31495 mv:16773 misc:9143 icu:13.25 pcu:3709.75 scu:28677.00 sc:0 ;
in:87 out:88 type:b q:30.70 q-aq:29.65 q-noVbv:30.70 q-Rceq:1.42 tex:25921 mv:15600 misc:8755 icu:12.25 pcu:3072.50 scu:29315.25 sc:0 ;
in:92 out:89 type:P q:28.47 q-aq:22.60 q-noVbv:28.47 q-Rceq:1.42 tex:568034 mv:104231 misc:41425 icu:809.50 pcu:23631.25 scu:7959.25 sc:0 ;
in:90 out:90 type:B q:29.59 q-aq:26.53 q-noVbv:29.59 q-Rceq:1.42 tex:179440 mv:47767 misc:22301 icu:96.75 pcu:11450.75 scu:20852.50 sc:0 ;
in:89 out:91 type:b q:30.71 q-aq:29.41 q-noVbv:30.71 q-Rceq:1.42 tex:35092 mv:18233 misc:10037 icu:7.50 pcu:3987.75 scu:28404.75 sc:0 ;
in:91 out:92 type:b q:30.73 q-aq:29.53 q-noVbv:30.73 q-Rceq:1.42 tex:26628 mv:14954 misc:8270 icu:11.50 pcu:3175.25 scu:29213.25 sc:0 ;
in:96 out:93 type:P q:28.51 q-aq:22.63 q-noVbv:28.51 q-Rceq:1.42 tex:583511 mv:108456 misc:42486 icu:905.50 pcu:23898.50 scu:7596.00 sc:0 ;
in:94 out:94 type:B q:29.63 q-aq:26.43 q-noVbv:29.63 q-Rceq:1.42 tex:190166 mv:52845 misc:24000 icu:100.25 pcu:12001.50 scu:20298.25 sc:0 ;
in:93 out:95 type:b q:30.75 q-aq:29.51 q-noVbv:30.75 q-Rceq:1.42 tex:28683 mv:16057 misc:8898 icu:6.50 pcu:3438.50 scu:28955.00 sc:0 ;
in:95 out:96 type:b q:30.77 q-aq:29.28 q-noVbv:30.77 q-Rceq:1.42 tex:29881 mv:18202 misc:9723 icu:15.00 pcu:4163.50 scu:28221.50 sc:0 ;
in:100 out:97 type:P q:28.56 q-aq:22.84 q-noVbv:28.56 q-Rceq:1.42 tex:564158 mv:106118 misc:41104 icu:938.25 pcu:23773.75 scu:7688.00 sc:0 ;
in:98 out:98 type:B q:29.67 q-aq:26.53 q-noVbv:29.67 q-Rceq:1.42 tex:181508 mv:52294 misc:24037 icu:108.25 pcu:11958.50 scu:20333.25 sc:0 ;
in:97 out:99 type:b q:30.79 q-aq:29.47 q-noVbv:30.79 q-Rceq:1.42 tex:29927 mv:17050 misc:9624 icu:11.00 pcu:3722.75 scu:28666.25 sc:0 ;
in:99 out:100 type:b q:30.82 q-aq:29.45 q-noVbv:30.82 q-Rceq:1.42 tex:30096 mv:16839 misc:9427 icu:20.75 pcu:4361.50 scu:28017.75 sc:0 ;
in:104 out:101 type:P q:28.61 q-aq:23.05 q-noVbv:28.61 q-Rceq:1.42 tex:559187 mv:102170 misc:40551 icu:920.25 pcu:23033.25 scu:8446.50 sc:0 ;
in:102 out:102 type:B q:29.72 q-aq:26.48 q-noVbv:29.72 q-Rceq:1.42 tex:179705 mv:49759 misc:23202 icu:129.25 pcu:12136.75 scu:20134.00 sc:0 ;
in:101 out:103 type:b q:30.84 q-aq:29.40 q-noVbv:30.84 q-Rceq:1.42 tex:29547 mv:16906 misc:9311 icu:12.25 pcu:4126.00 scu:28261.75 sc:0 ;
in:103 out:104 type:b q:30.87 q-aq:29.48 q-noVbv:30.87 q-Rceq:1.42 tex:28219 mv:18112 misc:9801 icu:10.75 pcu:4518.50 scu:27870.75 sc:0 ;
in:108 out:105 type:P q:28.64 q-aq:23.54 q-noVbv:28.64 q-Rceq:1.42 tex:510092 mv:94647 misc:38086 icu:829.75 pcu:21776.50 scu:9793.75 sc:0 ;
in:106 out:106 type:B q:29.76 q-aq:26.59 q-noVbv:29.76 q-Rceq:1.42 tex:173108 mv:45720 misc:22208 icu:113.75 pcu:11971.00 scu:20315.25 sc:0 ;
in:105 out:107 type:b q:30.88 q-aq:29.43 q-noVbv:30.88 q-Rceq:1.42 tex:30687 mv:17120 misc:9050 icu:15.75 pcu:3997.25 scu:28387.00 sc:0 ;
in:107 out:108 type:b q:30.90 q-aq:29.65 q-noVbv:30.90 q-Rceq:1.42 tex:25044 mv:15575 misc:8539 icu:15.75 pcu:3654.50 scu:28729.75 sc:0 ;
in:112 out:109 type:P q:28.63 q-aq:22.40 q-noVbv:28.63 q-Rceq:1.42 tex:955392 mv:126358 misc:47522 icu:3829.25 pcu:23011.75 scu:5559.00 sc:0 ;
in:110 out:110 type:B q:29.77 q-aq:26.62 q-noVbv:29.77 q-Rceq:1.42 tex:204661 mv:52291 misc:24198 icu:99.50 pcu:12190.50 scu:20110.00 sc:0 ;
in:109 out:111 type:b q:30.91 q-aq:29.66 q-noVbv:30.91 q-Rceq:1.42 tex:29722 mv:16721 misc:9163 icu:6.25 pcu:4019.00 scu:28374.75 sc:0 ;
in:111 out:112 type:b q:30.91 q-aq:29.65 q-noVbv:30.91 q-Rceq:1.42 tex:24867 mv:15760 misc:8849 icu:14.75 pcu:3405.50 scu:28979.75 sc:0 ;
in:116 out:113 type:P q:28.89 q-aq:23.47 q-noVbv:28.89 q-Rceq:1.42 tex:573440 mv:102059 misc:41852 icu:1100.25 pcu:20439.00 scu:10860.75 sc:0 ;
in:114 out:114 type:B q:29.90 q-aq:26.83 q-noVbv:29.90 q-Rceq:1.42 tex:166742 mv:46358 misc:22696 icu:93.75 pcu:10503.50 scu:21802.75 sc:0 ;
in:113 out:115 type:b q:30.97 q-aq:29.72 q-noVbv:30.97 q-Rceq:1.42 tex:30328 mv:16935 misc:9123 icu:14.75 pcu:3315.75 scu:29069.50 sc:0 ;
in:115 out:116 type:b q:31.10 q-aq:29.90 q-noVbv:31.10 q-Rceq:1.42 tex:18335 mv:14105 misc:7359 icu:12.25 pcu:2704.75 scu:29683.00 sc:0 ;
in:120 out:117 type:P q:28.93 q-aq:23.26 q-noVbv:28.93 q-Rceq:1.42 tex:572457 mv:111224 misc:42995 icu:1086.50 pcu:21228.00 scu:10085.50 sc:0 ;
in:118 out:118 type:B q:30.05 q-aq:26.99 q-noVbv:30.05 q-Rceq:1.42 tex:166721 mv:49332 misc:23639 icu:83.25 pcu:10893.25 scu:21423.50 sc:0 ;
in:117 out:119 type:b q:31.17 q-aq:29.93 q-noVbv:31.17 q-Rceq:1.42 tex:23551 mv:14661 misc:8364 icu:7.75 pcu:3149.50 scu:29242.75 sc:0 ;
in:119 out:120 type:b q:31.19 q-aq:29.85 q-noVbv:31.19 q-Rceq:1.42 tex:21402 mv:15410 misc:8460 icu:12.00 pcu:3275.75 scu:29112.25 sc:0 ;
in:124 out:121 type:P q:28.96 q-aq:23.03 q-noVbv:28.96 q-Rceq:1.42 tex:568807 mv:108272 misc:42550 icu:950.50 pcu:22060.00 scu:9389.50 sc:0 ;
in:122 out:122 type:B q:30.08 q-aq:27.10 q-noVbv:30.08 q-Rceq:1.42 tex:149998 mv:45214 misc:21736 icu:77.50 pcu:10041.50 scu:22281.00 sc:0 ;
in:121 out:123 type:b q:31.21 q-aq:29.84 q-noVbv:31.21 q-Rceq:1.42 tex:24848 mv:15339 misc:8617 icu:11.25 pcu:3391.25 scu:28997.50 sc:0 ;
in:123 out:124 type:b q:31.22 q-aq:30.04 q-noVbv:31.22 q-Rceq:1.42 tex:16227 mv:12985 misc:6806 icu:4.50 pcu:2674.25 scu:29721.25 sc:0 ;
in:128 out:125 type:P q:28.90 q-aq:22.90 q-noVbv:28.90 q-Rceq:1.42 tex:553872 mv:98779 misc:43020 icu:676.25 pcu:22187.75 scu:9536.00 sc:0 ;
in:126 out:126 type:B q:30.06 q-aq:27.04 q-noVbv:30.06 q-Rceq:1.42 tex:137293 mv:40222 misc:20779 icu:64.25 pcu:9716.00 scu:22619.75 sc:0 ;
in:125 out:127 type:b q:31.21 q-aq:29.96 q-noVbv:31.21 q-Rceq:1.42 tex:18799 mv:12635 misc:6836 icu:2.25 pcu:2592.75 scu:29805.00 sc:0 ;
in:127 out:128 type:b q:31.18 q-aq:29.92 q-noVbv:31.18 q-Rceq:1.42 tex:15834 mv:11175 misc:6251 icu:2.50 pcu:2465.75 scu:29931.75 sc:0 ;
in:132 out:129 type:P q:28.90 q-aq:22.69 q-noVbv:28.90 q-Rceq:1.42 tex:524268 mv:90807 misc:41763 icu:554.75 pcu:23430.50 scu:8414.75 sc:0 ;
in:130 out:130 type:B q:30.03 q-aq:26.92 q-noVbv:30.03 q-Rceq:1.42 tex:133492 mv:37351 misc:20190 icu:67.25 pcu:10286.25 scu:22046.50 sc:0 ;
in:129 out:131 type:b q:31.17 q-aq:30.20 q-noVbv:31.17 q-Rceq:1.42 tex:14826 mv:9913 misc:5811 icu:1.00 pcu:2123.75 scu:30275.25 sc:0 ;
in:131 out:132 type:b q:31.17 q-aq:29.94 q-noVbv:31.17 q-Rceq:1.42 tex:12114 mv:9436 misc:5303 icu:2.00 pcu:2014.00 scu:30384.00 sc:0 ;
in:136 out:133 type:P q:28.86 q-aq:23.02 q-noVbv:28.86 q-Rceq:1.42 tex:536971 mv:97113 misc:41668 icu:598.50 pcu:22546.00 scu:9255.50 sc:0 ;
in:134 out:134 type:B q:30.01 q-aq:26.85 q-noVbv:30.01 q-Rceq:1.42 tex:131670 mv:39949 misc:20556 icu:47.00 pcu:10788.75 scu:21564.25 sc:0 ;
in:133 out:135 type:b q:31.16 q-aq:30.01 q-noVbv:31.16 q-Rceq:1.42 tex:14147 mv:9765 misc:5670 icu:2.00 pcu:2229.25 scu:30168.75 sc:0 ;
in:135 out:136 type:b q:31.14 q-aq:29.93 q-noVbv:31.14 q-Rceq:1.42 tex:22709 mv:12712 misc:7476 icu:5.50 pcu:3225.00 scu:29169.50 sc:0 ;
in:140 out:137 type:P q:28.83 q-aq:23.17 q-noVbv:28.83 q-Rceq:1.42 tex:569881 mv:105799 misc:42823 icu:901.00 pcu:22468.75 scu:9030.25 sc:0 ;
in:138 out:138 type:B q:29.98 q-aq:26.83 q-noVbv:29.98 q-Rceq:1.42 tex:149425 mv:45048 misc:21743 icu:63.75 pcu:11327.00 scu:21009.25 sc:0 ;
in:137 out:139 type:b q:31.12 q-aq:29.98 q-noVbv:31.12 q-Rceq:1.42 tex:19350 mv:13216 misc:7353 icu:6.50 pcu:3168.00 scu:29225.50 sc:0 ;
in:139 out:140 type:b q:31.11 q-aq:29.92 q-noVbv:31.11 q-Rceq:1.42 tex:16618 mv:13508 misc:7258 icu:6.50 pcu:3044.00 scu:29349.50 sc:0 ;
in:144 out:141 type:P q:28.82 q-aq:22.96 q-noVbv:28.82 q-Rceq:1.42 tex:561665 mv:108132 misc:43176 icu:1221.75 pcu:23235.00 scu:7943.25 sc:0 ;
in:142 out:142 type:B q:29.96 q-aq:26.64 q-noVbv:29.96 q-Rceq:1.42 tex:161829 mv:48987 misc:22856 icu:111.50 pcu:12115.50 scu:20173.00 sc:0 ;
in:141 out:143 type:b q:31.10 q-aq:29.66 q-noVbv:31.10 q-Rceq:1.42 tex:24816 mv:16742 misc:9037 icu:11.75 pcu:3774.25 scu:28614.00 sc:0 ;
in:143 out:144 type:b q:31.09 q-aq:29.68 q-noVbv:31.09 q-Rceq:1.42 tex:22407 mv:17337 misc:8746 icu:12.75 pcu:3582.00 scu:28805.25 sc:0 ;
in:148 out:145 type:P q:28.82 q-aq:22.89 q-noVbv:28.82 q-Rceq:1.42 tex:565948 mv:109120 misc:42801 icu:1372.50 pcu:23527.75 scu:7499.75 sc:0 ;
in:146 out:146 type:B q:29.96 q-aq:26.50 q-noVbv:29.96 q-Rceq:1.42 tex:169646 mv:51111 misc:23993 icu:131.75 pcu:12712.50 scu:19555.75 sc:0 ;
in:145 out:147 type:b q:31.09 q-aq:29.64 q-noVbv:31.09 q-Rceq:1.42 tex:25433 mv:16926 misc:9054 icu:15.75 pcu:3647.50 scu:28736.75 sc:0 ;
in:147 out:148 type:b q:31.09 q-aq:29.80 q-noVbv:31.09 q-Rceq:1.42 tex:21280 mv:17308 misc:8352 icu:23.00 pcu:3283.25 scu:29093.75 sc:0 ;
in:152 out:149 type:P q:28.84 q-aq:22.92 q-noVbv:28.84 q-Rceq:1.42 tex:586700 mv:112030 misc:43325 icu:1469.50 pcu:24191.50 scu:6739.00 sc:0 ;
in:150 out:150 type:B q:29.97 q-aq:26.58 q-noVbv:29.97 q-Rceq:1.42 tex:164610 mv:51326 misc:23570 icu:117.50 pcu:12654.25 scu:19628.25 sc:0 ;
in:149 out:151 type:b q:31.10 q-aq:29.60 q-noVbv:31.10 q-Rceq:1.42 tex:27826 mv:18093 misc:9327 icu:17.25 pcu:3751.25 scu:28631.50 sc:0 ;
in:151 out:152 type:b q:31.11 q-aq:29.63 q-noVbv:31.11 q-Rceq:1.42 tex:23121 mv:17387 misc:8912 icu:28.25 pcu:3563.25 scu:28808.50 sc:0 ;
in:156 out:153 type:P q:28.88 q-aq:23.05 q-noVbv:28.88 q-Rceq:1.42 tex:578491 mv:112091 misc:42892 icu:1499.25 pcu:23869.75 scu:7031.00 sc:0 ;
in:154 out:154 type:B q:30.00 q-aq:26.74 q-noVbv:30.00 q-Rceq:1.42 tex:172731 mv:53688 misc:24486 icu:120.75 pcu:12726.25 scu:19553.00 sc:0 ;
in:153 out:155 type:b q:31.12 q-aq:29.72 q-noVbv:31.12 q-Rceq:1.42 tex:29045 mv:17588 misc:9502 icu:21.00 pcu:3623.75 scu:28755.25 sc:0 ;
in:155 out:156 type:b q:31.14 q-aq:29.70 q-noVbv:31.14 q-Rceq:1.42 tex:24219 mv:17093 misc:8832 icu:17.50 pcu:3695.50 scu:28687.00 sc:0 ;
in:160 out:157 type:P q:28.91 q-aq:23.17 q-noVbv:28.91 q-Rceq:1.42 tex:565031 mv:109691 misc:42773 icu:1238.50 pcu:24428.25 scu:6733.25 sc:0 ;
in:158 out:158 type:B q:30.03 q-aq:26.86 q-noVbv:30.03 q-Rceq:1.42 tex:186670 mv:55338 misc:24877 icu:140.00 pcu:13120.75 scu:19139.25 sc:0 ;
in:157 out:159 type:b q:31.16 q-aq:29.75 q-noVbv:31.16 q-Rceq:1.42 tex:29469 mv:17774 misc:9281 icu:14.00 pcu:4431.00 scu:27955.00 sc:0 ;
in:159 out:160 type:b q:31.17 q-aq:29.79 q-noVbv:31.17 q-Rceq:1.42 tex:21632 mv:15197 misc:8096 icu:12.25 pcu:3555.00 scu:28832.75 sc:0 ;
in:164 out:161 type:P q:28.94 q-aq:23.76 q-noVbv:28.94 q-Rceq:1.42 tex:499286 mv:104355 misc:40060 icu:1202.75 pcu:22505.50 scu:8691.75 sc:0 ;
in:162 out:162 type:B q:30.06 q-aq:26.67 q-noVbv:30.06 q-Rceq:1.42 tex:160715 mv:48653 misc:23568 icu:105.50 pcu:12615.25 scu:19679.25 sc:0 ;
in:161 out:163 type:b q:31.19 q-aq:29.76 q-noVbv:31.19 q-Rceq:1.42 tex:23003 mv:15927 misc:8241 icu:12.50 pcu:3478.25 scu:28909.25 sc:0 ;
in:163 out:164 type:b q:31.20 q-aq:29.85 q-noVbv:31.20 q-Rceq:1.42 tex:19686 mv:13619 misc:7767 icu:8.75 pcu:3018.25 scu:29373.00 sc:0 ;
in:168 out:165 type:P q:28.94 q-aq:22.69 q-noVbv:28.94 q-Rceq:1.42 tex:937637 mv:133389 misc:49535 icu:4418.00 pcu:22993.75 scu:4988.25 sc:0 ;
in:166 out:166 type:B q:30.07 q-aq:26.55 q-noVbv:30.07 q-Rceq:1.42 tex:171965 mv:49122 misc:23968 icu:83.75 pcu:12098.25 scu:20218.00 sc:0 ;
in:165 out:167 type:b q:31.21 q-aq:29.89 q-noVbv:31.21 q-Rceq:1.42 tex:24034 mv:14844 misc:8280 icu:17.50 pcu:3220.25 scu:29162.25 sc:0 ;
in:167 out:168 type:b q:31.21 q-aq:29.76 q-noVbv:31.21 q-Rceq:1.42 tex:19549 mv:15919 misc:8764 icu:8.25 pcu:3389.25 scu:29002.50 sc:0 ;
in:172 out:169 type:P q:29.11 q-aq:23.14 q-noVbv:29.11 q-Rceq:1.42 tex:550365 mv:105999 misc:43660 icu:1210.00 pcu:22585.50 scu:8604.50 sc:0 ;
in:170 out:170 type:B q:30.16 q-aq:26.91 q-noVbv:30.16 q-Rceq:1.42 tex:160660 mv:49494 misc:23504 icu:108.75 pcu:11243.25 scu:21048.00 sc:0 ;
in:169 out:171 type:b q:31.25 q-aq:29.77 q-noVbv:31.25 q-Rceq:1.42 tex:26611 mv:17588 misc:9250 icu:10.75 pcu:3727.75 scu:28661.50 sc:0 ;
in:171 out:172 type:b q:31.34 q-aq:29.96 q-noVbv:31.34 q-Rceq:1.42 tex:20397 mv:14368 misc:7688 icu:13.75 pcu:3121.75 scu:29264.50 sc:0 ;
in:176 out:173 type:P q:29.12 q-aq:23.03 q-noVbv:29.12 q-Rceq:1.42 tex:549351 mv:111025 misc:43412 icu:1181.75 pcu:23544.50 scu:7673.75 sc:0 ;
in:174 out:174 type:B q:30.25 q-aq:26.99 q-noVbv:30.25 q-Rceq:1.42 tex:142872 mv:48485 misc:22348 icu:95.25 pcu:11599.00 scu:20705.75 sc:0 ;
in:173 out:175 type:b q:31.38 q-aq:29.90 q-noVbv:31.38 q-Rceq:1.42 tex:23897 mv:16282 misc:8482 icu:12.75 pcu:3563.25 scu:28824.00 sc:0 ;
in:175 out:176 type:b q:31.39 q-aq:29.93 q-noVbv:31.39 q-Rceq:1.42 tex:18143 mv:14335 misc:7406 icu:12.50 pcu:2839.00 scu:29548.50 sc:0 ;
in:180 out:177 type:P q:29.14 q-aq:22.93 q-noVbv:29.14 q-Rceq:1.42 tex:529247 mv:103922 misc:42088 icu:1028.00 pcu:23265.75 scu:8106.25 sc:0 ;
in:178 out:178 type:B q:30.27 q-aq:26.91 q-noVbv:30.27 q-Rceq:1.42 tex:139439 mv:46148 misc:21959 icu:94.25 pcu:10732.50 scu:21573.25 sc:0 ;
in:177 out:179 type:b q:31.40 q-aq:29.93 q-noVbv:31.40 q-Rceq:1.42 tex:20726 mv:15883 misc:7832 icu:9.75 pcu:3168.75 scu:29221.50 sc:0 ;
in:179 out:180 type:b q:31.40 q-aq:30.07 q-noVbv:31.40 q-Rceq:1.42 tex:17835 mv:14257 misc:7248 icu:12.00 pcu:2782.25 scu:29605.75 sc:0 ;
in:184 out:181 type:P q:29.13 q-aq:22.95 q-noVbv:29.13 q-Rceq:1.42 tex:518286 mv:99395 misc:41423 icu:881.75 pcu:22756.25 scu:8762.00 sc:0 ;
in:182 out:182 type:B q:30.27 q-aq:26.96 q-noVbv:30.27 q-Rceq:1.42 tex:129136 mv:41478 misc:21304 icu:71.50 pcu:10699.25 scu:21629.25 sc:0 ;
in:181 out:183 type:b q:31.40 q-aq:30.14 q-noVbv:31.40 q-Rceq:1.42 tex:18612 mv:14011 misc:7409 icu:5.00 pcu:3007.00 scu:29388.00 sc:0 ;
in:183 out:184 type:b q:31.40 q-aq:30.03 q-noVbv:31.40 q-Rceq:1.42 tex:13470 mv:11181 misc:5874 icu:3.75 pcu:2016.00 scu:30380.25 sc:0 ;
in:188 out:185 type:P q:29.11 q-aq:23.04 q-noVbv:29.11 q-Rceq:1.42 tex:488855 mv:88866 misc:40341 icu:672.25 pcu:22209.50 scu:9518.25 sc:0 ;
in:186 out:186 type:B q:30.26 q-aq:27.04 q-noVbv:30.26 q-Rceq:1.42 tex:132769 mv:37769 misc:19972 icu:51.50 pcu:10672.00 scu:21676.50 sc:0 ;
in:185 out:187 type:b q:31.40 q-aq:30.26 q-noVbv:31.40 q-Rceq:1.42 tex:14422 mv:10923 misc:5877 icu:12.50 pcu:2279.50 scu:30108.00 sc:0 ;
in:187 out:188 type:b q:31.39 q-aq:30.11 q-noVbv:31.39 q-Rceq:1.42 tex:16544 mv:10913 misc:5749 icu:7.00 pcu:2556.75 scu:29836.25 sc:0 ;
in:192 out:189 type:P q:29.07 q-aq:23.02 q-noVbv:29.07 q-Rceq:1.42 tex:492418 mv:89145 misc:39989 icu:623.25 pcu:22515.75 scu:9261.00 sc:0 ;
in:190 out:190 type:B q:30.23 q-aq:27.13 q-noVbv:30.23 q-Rceq:1.42 tex:122406 mv:35375 misc:19138 icu:41.00 pcu:9753.75 scu:22605.25 sc:0 ;
in:189 out:191 type:b q:31.37 q-aq:30.22 q-noVbv:31.37 q-Rceq:1.42 tex:16286 mv:10058 misc:5612 icu:2.00 pcu:2291.75 scu:30106.25 sc:0 ;
in:191 out:192 type:b q:31.35 q-aq:30.29 q-noVbv:31.35 q-Rceq:1.42 tex:14193 mv:10594 misc:5693 icu:7.00 pcu:2142.25 scu:30250.75 sc:0 ;
in:196 out:193 type:P q:29.03 q-aq:23.12 q-noVbv:29.03 q-Rceq:1.42 tex:485373 mv:92711 misc:39926 icu:728.50 pcu:22675.50 scu:8996.00 sc:0 ;
in:194 out:194 type:B q:30.19 q-aq:26.92 q-noVbv:30.19 q-Rceq:1.42 tex:131718 mv:40927 misc:20646 icu:52.00 pcu:10697.50 scu:21650.50 sc:0 ;
in:193 out:195 type:b q:31.33 q-aq:30.14 q-noVbv:31.33 q-Rceq:1.42 tex:17358 mv:11209 misc:6073 icu:4.50 pcu:2500.00 scu:29895.50 sc:0 ;
in:195 out:196 type:b q:31.31 q-aq:30.08 q-noVbv:31.31 q-Rceq:1.42 tex:15013 mv:10735 misc:5707 icu:3.00 pcu:2143.75 scu:30253.25 sc:0 ;
in:200 out:197 type:P q:28.98 q-aq:23.31 q-noVbv:28.98 q-Rceq:1.42 tex:503122 mv:99259 misc:40507 icu:929.75 pcu:22166.75 scu:9303.50 sc:0 ;
in:198 out:198 type:B q:30.14 q-aq:26.95 q-noVbv:30.14 q-Rceq:1.42 tex:142184 mv:44731 misc:21410 icu:73.25 pcu:11018.25 scu:21308.50 sc:0 ;
in:197 out:199 type:b q:31.29 q-aq:29.90 q-noVbv:31.29 q-Rceq:1.42 tex:18223 mv:13216 misc:7084 icu:5.25 pcu:3235.75 scu:29159.00 sc:0 ;
in:199 out:200 type:b q:31.27 q-aq:29.81 q-noVbv:31.27 q-Rceq:1.42 tex:19362 mv:14109 misc:7469 icu:4.75 pcu:3270.25 scu:29125.00 sc:0 ;
in:204 out:201 type:P q:28.95 q-aq:23.52 q-noVbv:28.95 q-Rceq:1.42 tex:518915 mv:108493 misc:41396 icu:1008.25 pcu:21885.50 scu:9506.25 sc:0 ;
in:202 out:202 type:B q:30.10 q-aq:26.94 q-noVbv:30.10 q-Rceq:1.42 tex:145984 mv:47597 misc:22112 icu:72.50 pcu:11344.50 scu:20983.00 sc:0 ;
in:201 out:203 type:b q:31.25 q-aq:29.76 q-noVbv:31.25 q-Rceq:1.42 tex:19939 mv:14703 misc:7708 icu:8.50 pcu:3539.00 scu:28852.50 sc:0 ;
in:203 out:204 type:b q:31.23 q-aq:29.62 q-noVbv:31.23 q-Rceq:1.42 tex:21034 mv:15028 misc:8018 icu:8.50 pcu:3300.75 scu:29090.75 sc:0 ;
in:208 out:205 type:P q:28.94 q-aq:23.31 q-noVbv:28.94 q-Rceq:1.42 tex:516275 mv:105357 misc:41593 icu:1027.50 pcu:22964.75 scu:8407.75 sc:0 ;
in:206 out:206 type:B q:30.08 q-aq:26.89 q-noVbv:30.08 q-Rceq:1.42 tex:137112 mv:45886 misc:21528 icu:88.25 pcu:11315.00 scu:20996.75 sc:0 ;
in:205 out:207 type:b q:31.22 q-aq:29.91 q-noVbv:31.22 q-Rceq:1.42 tex:21417 mv:14529 misc:8010 icu:14.75 pcu:3399.25 scu:28986.00 sc:0 ;
in:207 out:208 type:b q:31.22 q-aq:29.84 q-noVbv:31.22 q-Rceq:1.42 tex:23998 mv:14921 misc:8207 icu:2.50 pcu:3493.25 scu:28904.25 sc:0 ;
in:212 out:209 type:P q:28.93 q-aq:23.76 q-noVbv:28.93 q-Rceq:1.42 tex:526051 mv:107922 misc:41319 icu:1079.00 pcu:21317.50 scu:10003.50 sc:0 ;
in:210 out:210 type:B q:30.07 q-aq:26.77 q-noVbv:30.07 q-Rceq:1.42 tex:155315 mv:48615 misc:22877 icu:79.00 pcu:12548.50 scu:19772.50 sc:0 ;
in:209 out:211 type:b q:31.21 q-aq:29.67 q-noVbv:31.21 q-Rceq:1.42 tex:30936 mv:19318 misc:10278 icu:17.00 pcu:5009.75 scu:27373.25 sc:0 ;
in:211 out:212 type:b q:31.20 q-aq:29.70 q-noVbv:31.20 q-Rceq:1.42 tex:18818 mv:15341 misc:8101 icu:7.00 pcu:3581.00 scu:28812.00 sc:0 ;
in:216 out:213 type:P q:28.92 q-aq:23.65 q-noVbv:28.92 q-Rceq:1.42 tex:488324 mv:103588 misc:40319 icu:1191.75 pcu:21945.25 scu:9263.00 sc:0 ;
in:214 out:214 type:B q:30.06 q-aq:26.77 q-noVbv:30.06 q-Rceq:1.42 tex:140767 mv:49375 misc:22094 icu:93.50 pcu:12309.50 scu:19997.00 sc:0 ;
in:213 out:215 type:b q:31.20 q-aq:29.76 q-noVbv:31.20 q-Rceq:1.42 tex:20844 mv:15531 misc:7809 icu:8.00 pcu:3214.25 scu:29177.75 sc:0 ;
in:215 out:216 type:b q:31.20 q-aq:29.83 q-noVbv:31.20 q-Rceq:1.42 tex:24643 mv:16470 misc:8746 icu:14.50 pcu:3494.50 scu:28891.00 sc:0 ;
in:220 out:217 type:P q:28.91 q-aq:24.07 q-noVbv:28.91 q-Rceq:1.42 tex:496469 mv:103351 misc:38091 icu:1349.50 pcu:20671.00 scu:10379.50 sc:0 ;
in:218 out:218 type:B q:30.05 q-aq:26.74 q-noVbv:30.05 q-Rceq:1.42 tex:141994 mv:48476 misc:22212 icu:101.25 pcu:12240.25 scu:20058.50 sc:0 ;
in:217 out:219 type:b q:31.19 q-aq:29.80 q-noVbv:31.19 q-Rceq:1.42 tex:22490 mv:17294 misc:8525 icu:9.50 pcu:3935.75 scu:28454.75 sc:0 ;
in:219 out:220 type:b q:31.18 q-aq:29.66 q-noVbv:31.18 q-Rceq:1.42 tex:28587 mv:17638 misc:9342 icu:17.25 pcu:4736.50 scu:27646.25 sc:0 ;
in:224 out:221 type:P q:28.89 q-aq:22.80 q-noVbv:28.89 q-Rceq:1.42 tex:894958 mv:124798 misc:48343 icu:4258.75 pcu:22386.75 scu:5754.50 sc:0 ;
in:222 out:222 type:B q:30.04 q-aq:26.74 q-noVbv:30.04 q-Rceq:1.42 tex:151303 mv:51051 misc:22479 icu:113.25 pcu:11837.25 scu:20449.50 sc:0 ;
in:221 out:223 type:b q:31.18 q-aq:29.75 q-noVbv:31.18 q-Rceq:1.42 tex:19442 mv:16501 misc:8387 icu:17.25 pcu:3209.75 scu:29173.00 sc:0 ;
in:223 out:224 type:b q:31.17 q-aq:29.63 q-noVbv:31.17 q-Rceq:1.42 tex:29364 mv:19315 misc:9727 icu:15.50 pcu:4135.00 scu:28249.50 sc:0 ;
in:228 out:225 type:P q:29.01 q-aq:23.31 q-noVbv:29.01 q-Rceq:1.42 tex:561632 mv:109728 misc:43069 icu:1707.50 pcu:21183.00 scu:9509.50 sc:0 ;
in:226 out:226 type:B q:30.09 q-aq:26.95 q-noVbv:30.09 q-Rceq:1.42 tex:142672 mv:51319 misc:22299 icu:139.75 pcu:11274.25 scu:20986.00 sc:0 ;
in:225 out:227 type:b q:31.19 q-aq:29.88 q-noVbv:31.19 q-Rceq:1.42 tex:22777 mv:17685 misc:8281 icu:12.50 pcu:3200.50 scu:29187.00 sc:0 ;
in:227 out:228 type:b q:31.25 q-aq:29.85 q-noVbv:31.25 q-Rceq:1.42 tex:20885 mv:16980 misc:8237 icu:14.25 pcu:3194.50 scu:29191.25 sc:0 ;
in:232 out:229 type:P q:29.03 q-aq:23.23 q-noVbv:29.03 q-Rceq:1.42 tex:510295 mv:100734 misc:41833 icu:1482.00 pcu:22405.00 scu:8513.00 sc:0 ;
in:230 out:230 type:B q:30.15 q-aq:26.91 q-noVbv:30.15 q-Rceq:1.42 tex:127955 mv:46630 misc:21211 icu:98.00 pcu:10846.75 scu:21455.25 sc:0 ;
in:229 out:231 type:b q:31.29 q-aq:29.79 q-noVbv:31.29 q-Rceq:1.42 tex:21792 mv:14598 misc:7553 icu:11.25 pcu:3003.25 scu:29385.50 sc:0 ;
in:231 out:232 type:b q:31.29 q-aq:29.88 q-noVbv:31.29 q-Rceq:1.42 tex:18027 mv:15105 misc:7575 icu:12.25 pcu:2978.00 scu:29409.75 sc:0 ;
in:236 out:233 type:P q:29.01 q-aq:23.27 q-noVbv:29.01 q-Rceq:1.42 tex:547877 mv:100124 misc:40480 icu:1441.50 pcu:23286.75 scu:7671.75 sc:0 ;
in:234 out:234 type:B q:30.16 q-aq:26.98 q-noVbv:30.16 q-Rceq:1.42 tex:128381 mv:46368 misc:20673 icu:97.75 pcu:11475.75 scu:20826.50 sc:0 ;
in:233 out:235 type:b q:31.29 q-aq:29.99 q-noVbv:31.29 q-Rceq:1.42 tex:18455 mv:15210 misc:7372 icu:3.25 pcu:2849.50 scu:29547.25 sc:0 ;
in:235 out:236 type:b q:31.29 q-aq:29.98 q-noVbv:31.29 q-Rceq:1.42 tex:23518 mv:17516 misc:8288 icu:13.25 pcu:3446.25 scu:28940.50 sc:0 ;
in:241 out:237 type:P q:29.01 q-aq:23.19 q-noVbv:29.01 q-Rceq:1.42 tex:555037 mv:104515 misc:41767 icu:1749.75 pcu:23400.50 scu:7249.75 sc:0 ;
in:239 out:238 type:B q:30.15 q-aq:28.52 q-noVbv:30.15 q-Rceq:1.42 tex:61810 mv:36325 misc:15492 icu:85.75 pcu:6839.00 scu:25475.25 sc:0 ;
in:237 out:239 type:b q:31.28 q-aq:29.88 q-noVbv:31.28 q-Rceq:1.42 tex:26578 mv:19967 misc:8544 icu:17.00 pcu:3287.00 scu:29096.00 sc:0 ;
in:238 out:240 type:b q:31.28 q-aq:29.85 q-noVbv:31.28 q-Rceq:1.42 tex:32622 mv:20854 misc:9893 icu:28.75 pcu:4156.50 scu:28214.75 sc:0 ;
in:240 out:241 type:b q:31.28 q-aq:30.00 q-noVbv:31.28 q-Rceq:1.42 tex:25660 mv:17096 misc:8318 icu:13.25 pcu:3278.75 scu:29108.00 sc:0 ;
in:246 out:242 type:P q:28.96 q-aq:23.70 q-noVbv:28.96 q-Rceq:1.42 tex:454643 mv:77482 misc:35462 icu:1040.75 pcu:23485.00 scu:7874.25 sc:0 ;
in:244 out:243 type:B q:30.12 q-aq:28.45 q-noVbv:30.12 q-Rceq:1.42 tex:61750 mv:32385 misc:14393 icu:51.25 pcu:6347.50 scu:26001.25 sc:0 ;
in:242 out:244 type:b q:31.27 q-aq:29.96 q-noVbv:31.27 q-Rceq:1.42 tex:23371 mv:17012 misc:7815 icu:12.00 pcu:3060.50 scu:29327.50 sc:0 ;
in:243 out:245 type:b q:31.26 q-aq:29.93 q-noVbv:31.26 q-Rceq:1.42 tex:24034 mv:16976 misc:7931 icu:17.50 pcu:3012.75 scu:29369.75 sc:0 ;
in:245 out:246 type:b q:31.24 q-aq:29.99 q-noVbv:31.24 q-Rceq:1.42 tex:22376 mv:13895 misc:7216 icu:14.75 pcu:2941.25 scu:29444.00 sc:0 ;
in:250 out:247 type:i q:27.44 q-aq:21.02 q-noVbv:27.44 q-Rceq:1.42 tex:1592970 mv:187103 misc:30749 icu:32400.00 pcu:0.00 scu:0.00 sc:0 ;
in:248 out:248 type:B q:30.10 q-aq:27.57 q-noVbv:30.10 q-Rceq:1.42 tex:88842 mv:37390 misc:15891 icu:62.25 pcu:6778.25 scu:25559.50 sc:0 ;
in:247 out:249 type:b q:31.23 q-aq:30.30 q-noVbv:31.23 q-Rceq:1.42 tex:13657 mv:11708 misc:5455 icu:3.25 pcu:2174.00 scu:30222.75 sc:0 ;
in:249 out:250 type:b q:31.23 q-aq:30.40 q-noVbv:31.23 q-Rceq:1.42 tex:12567 mv:12548 misc:6171 icu:8.50 pcu:1773.50 scu:30618.00 sc:0 ;
in:254 out:251 type:P q:29.09 q-aq:23.06 q-noVbv:29.09 q-Rceq:1.42 tex:497423 mv:64880 misc:35148 icu:669.50 pcu:21619.75 scu:10110.75 sc:0 ;
in:252 out:252 type:B q:30.23 q-aq:27.77 q-noVbv:30.23 q-Rceq:1.42 tex:71733 mv:30789 misc:14491 icu:43.25 pcu:6100.25 scu:26256.50 sc:0 ;
in:251 out:253 type:b q:31.36 q-aq:30.46 q-noVbv:31.36 q-Rceq:1.42 tex:14685 mv:11401 misc:5413 icu:11.00 pcu:1628.75 scu:30760.25 sc:0 ;
in:253 out:254 type:b q:31.36 q-aq:30.33 q-noVbv:31.36 q-Rceq:1.42 tex:10946 mv:9960 misc:4559 icu:1.25 pcu:2071.25 scu:30327.50 sc:0 ;
in:258 out:255 type:P q:29.04 q-aq:22.98 q-noVbv:29.04 q-Rceq:1.42 tex:525998 mv:77221 misc:36567 icu:677.75 pcu:23812.75 scu:7909.50 sc:0 ;
in:256 out:256 type:B q:30.20 q-aq:27.62 q-noVbv:30.20 q-Rceq:1.42 tex:98153 mv:35667 misc:17092 icu:47.50 pcu:8993.50 scu:23359.00 sc:0 ;
in:255 out:257 type:b q:31.35 q-aq:30.43 q-noVbv:31.35 q-Rceq:1.42 tex:15436 mv:10134 misc:5092 icu:1.75 pcu:1934.00 scu:30464.25 sc:0 ;
in:257 out:258 type:b q:31.32 q-aq:30.25 q-noVbv:31.32 q-Rceq:1.42 tex:16729 mv:11698 misc:5964 icu:4.75 pcu:2387.00 scu:30008.25 sc:0 ;
in:263 out:259 type:P q:28.99 q-aq:22.86 q-noVbv:28.99 q-Rceq:1.42 tex:519452 mv:85550 misc:38412 icu:873.75 pcu:23732.50 scu:7793.75 sc:0 ;
in:261 out:260 type:B q:30.15 q-aq:28.67 q-noVbv:30.15 q-Rceq:1.42 tex:41460 mv:26754 misc:12561 icu:28.50 pcu:5469.50 scu:26902.00 sc:0 ;
in:259 out:261 type:b q:31.30 q-aq:30.18 q-noVbv:31.30 q-Rceq:1.42 tex:19374 mv:13291 misc:6357 icu:8.25 pcu:2698.50 scu:29693.25 sc:0 ;
in:260 out:262 type:b q:31.29 q-aq:29.97 q-noVbv:31.29 q-Rceq:1.42 tex:27640 mv:16904 misc:8666 icu:20.75 pcu:4204.50 scu:28174.75 sc:0 ;
in:262 out:263 type:b q:31.27 q-aq:30.41 q-noVbv:31.27 q-Rceq:1.42 tex:16797 mv:12290 misc:6022 icu:3.50 pcu:2293.50 scu:30103.00 sc:0 ;
in:268 out:264 type:P q:28.91 q-aq:23.07 q-noVbv:28.91 q-Rceq:1.42 tex:621468 mv:92156 misc:38300 icu:960.50 pcu:22957.25 scu:8482.25 sc:0 ;
in:266 out:265 type:B q:30.08 q-aq:28.46 q-noVbv:30.08 q-Rceq:1.42 tex:72309 mv:32119 misc:15182 icu:33.75 pcu:7536.50 scu:24829.75 sc:0 ;
in:264 out:266 type:b q:31.25 q-aq:29.91 q-noVbv:31.25 q-Rceq:1.42 tex:29428 mv:16976 misc:8587 icu:20.25 pcu:4274.00 scu:28105.75 sc:0 ;
in:265 out:267 type:b q:31.23 q-aq:29.88 q-noVbv:31.23 q-Rceq:1.42 tex:24932 mv:17490 misc:8576 icu:6.25 pcu:4374.25 scu:28019.50 sc:0 ;
in:267 out:268 type:b q:31.20 q-aq:30.18 q-noVbv:31.20 q-Rceq:1.42 tex:21927 mv:14354 misc:7387 icu:7.25 pcu:2743.00 scu:29649.75 sc:0 ;
in:272 out:269 type:P q:28.85 q-aq:23.08 q-noVbv:28.85 q-Rceq:1.42 tex:542487 mv:90773 misc:38947 icu:824.75 pcu:22083.25 scu:9492.00 sc:0 ;
in:270 out:270 type:B q:30.01 q-aq:26.51 q-noVbv:30.01 q-Rceq:1.42 tex:152993 mv:41765 misc:21005 icu:97.00 pcu:12679.75 scu:19623.25 sc:0 ;
in:269 out:271 type:b q:31.16 q-aq:29.94 q-noVbv:31.16 q-Rceq:1.42 tex:20054 mv:15265 misc:8039 icu:8.00 pcu:3513.50 scu:28878.50 sc:0 ;
in:271 out:272 type:b q:31.13 q-aq:30.01 q-noVbv:31.13 q-Rceq:1.42 tex:18305 mv:12373 misc:6486 icu:14.50 pcu:2489.75 scu:29895.75 sc:0 ;
in:276 out:273 type:P q:28.80 q-aq:23.83 q-noVbv:28.80 q-Rceq:1.42 tex:476972 mv:87475 misc:35241 icu:736.25 pcu:20288.25 scu:11375.50 sc:0 ;
in:274 out:274 type:B q:29.96 q-aq:26.79 q-noVbv:29.96 q-Rceq:1.42 tex:137616 mv:40276 misc:19658 icu:52.25 pcu:11155.00 scu:21192.75 sc:0 ;
in:273 out:275 type:b q:31.11 q-aq:30.10 q-noVbv:31.11 q-Rceq:1.42 tex:19653 mv:12954 misc:6485 icu:9.00 pcu:2355.25 scu:30035.75 sc:0 ;
in:275 out:276 type:b q:31.09 q-aq:30.23 q-noVbv:31.09 q-Rceq:1.42 tex:17720 mv:12412 misc:6506 icu:11.75 pcu:2304.25 scu:30084.00 sc:0 ;
in:280 out:277 type:P q:28.78 q-aq:22.17 q-noVbv:28.78 q-Rceq:1.42 tex:898755 mv:120981 misc:46807 icu:4021.25 pcu:23061.25 scu:5317.50 sc:0 ;
in:278 out:278 type:B q:29.93 q-aq:26.89 q-noVbv:29.93 q-Rceq:1.42 tex:127132 mv:38626 misc:19016 icu:43.75 pcu:9471.00 scu:22885.25 sc:0 ;
in:277 out:279 type:b q:31.07 q-aq:30.01 q-noVbv:31.07 q-Rceq:1.42 tex:24229 mv:13851 misc:7516 icu:5.75 pcu:3142.75 scu:29251.50 sc:0 ;
in:279 out:280 type:b q:31.06 q-aq:30.06 q-noVbv:31.06 q-Rceq:1.42 tex:25832 mv:14449 misc:8048 icu:4.50 pcu:2740.75 scu:29654.75 sc:0 ;
in:284 out:281 type:P q:28.87 q-aq:22.98 q-noVbv:28.87 q-Rceq:1.42 tex:559513 mv:88960 misc:40046 icu:867.25 pcu:22132.50 scu:9400.25 sc:0 ;
in:282 out:282 type:B q:29.96 q-aq:27.01 q-noVbv:29.96 q-Rceq:1.42 tex:120741 mv:39273 misc:19041 icu:61.00 pcu:9814.50 scu:22524.50 sc:0 ;
in:281 out:283 type:b q:31.07 q-aq:30.26 q-noVbv:31.07 q-Rceq:1.42 tex:24054 mv:14261 misc:7280 icu:11.50 pcu:2417.00 scu:29971.50 sc:0 ;
in:283 out:284 type:b q:31.12 q-aq:30.27 q-noVbv:31.12 q-Rceq:1.42 tex:22262 mv:12292 misc:6526 icu:5.50 pcu:2089.00 scu:30305.50 sc:0 ;
in:288 out:285 type:P q:28.86 q-aq:22.64 q-noVbv:28.86 q-Rceq:1.42 tex:540021 mv:88636 misc:39662 icu:872.25 pcu:22737.75 scu:8790.00 sc:0 ;
in:286 out:286 type:B q:30.00 q-aq:27.03 q-noVbv:30.00 q-Rceq:1.42 tex:97124 mv:34683 misc:16486 icu:57.50 pcu:8484.00 scu:23858.50 sc:0 ;
in:285 out:287 type:b q:31.14 q-aq:30.27 q-noVbv:31.14 q-Rceq:1.42 tex:22330 mv:13110 misc:6521 icu:8.50 pcu:2316.25 scu:30075.25 sc:0 ;
in:287 out:288 type:b q:31.13 q-aq:30.18 q-noVbv:31.13 q-Rceq:1.42 tex:24981 mv:14365 misc:7349 icu:4.75 pcu:2805.25 scu:29590.00 sc:0 ;
in:292 out:289 type:P q:28.85 q-aq:22.75 q-noVbv:28.85 q-Rceq:1.42 tex:567804 mv:92106 misc:40442 icu:805.75 pcu:24498.00 scu:7096.25 sc:0 ;
in:290 out:290 type:B q:29.99 q-aq:27.08 q-noVbv:29.99 q-Rceq:1.42 tex:112917 mv:36894 misc:18043 icu:73.25 pcu:8833.25 scu:23493.50 sc:0 ;
in:289 out:291 type:b q:31.13 q-aq:30.22 q-noVbv:31.13 q-Rceq:1.42 tex:21648 mv:12222 misc:6007 icu:11.50 pcu:2220.00 scu:30168.50 sc:0 ;
in:291 out:292 type:b q:31.12 q-aq:30.14 q-noVbv:31.12 q-Rceq:1.42 tex:25173 mv:14371 misc:7238 icu:15.50 pcu:2671.50 scu:29713.00 sc:0 ;
in:296 out:293 type:P q:28.83 q-aq:22.52 q-noVbv:28.83 q-Rceq:1.42 tex:563774 mv:98125 misc:40789 icu:843.75 pcu:24721.75 scu:6834.50 sc:0 ;
in:294 out:294 type:B q:29.98 q-aq:27.10 q-noVbv:29.98 q-Rceq:1.42 tex:129756 mv:40233 misc:19567 icu:50.50 pcu:9835.75 scu:22513.75 sc:0 ;
in:293 out:295 type:b q:31.12 q-aq:29.88 q-noVbv:31.12 q-Rceq:1.42 tex:32510 mv:16013 misc:8565 icu:7.25 pcu:3694.25 scu:28698.50 sc:0 ;
in:295 out:296 type:b q:31.11 q-aq:30.09 q-noVbv:31.11 q-Rceq:1.42 tex:25560 mv:12843 misc:7006 icu:5.75 pcu:2679.75 scu:29714.50 sc:0 ;
in:300 out:297 type:P q:28.83 q-aq:22.50 q-noVbv:28.83 q-Rceq:1.42 tex:532965 mv:93832 misc:40705 icu:718.50 pcu:24776.50 scu:6905.00 sc:0 ;
in:298 out:298 type:B q:29.97 q-aq:27.10 q-noVbv:29.97 q-Rceq:1.42 tex:127735 mv:37349 misc:18218 icu:44.75 pcu:9461.75 scu:22893.50 sc:0 ;
in:297 out:299 type:b q:31.10 q-aq:30.11 q-noVbv:31.10 q-Rceq:1.42 tex:22401 mv:12735 misc:6715 icu:4.00 pcu:2536.50 scu:29859.50 sc:0 ;
in:299 out:300 type:b q:31.10 q-aq:30.08 q-noVbv:31.10 q-Rceq:1.42 tex:27730 mv:14060 misc:8023 icu:6.00 pcu:3000.75 scu:29393.25 sc:0 ;
in:304 out:301 type:P q:28.82 q-aq:22.70 q-noVbv:28.82 q-Rceq:1.42 tex:500222 mv:86008 misc:38860 icu:483.25 pcu:23821.00 scu:8095.75 sc:0 ;
in:302 out:302 type:B q:29.96 q-aq:27.05 q-noVbv:29.96 q-Rceq:1.42 tex:106429 mv:35561 misc:17720 icu:45.25 pcu:8883.75 scu:23471.00 sc:0 ;
in:301 out:303 type:b q:31.09 q-aq:30.27 q-noVbv:31.09 q-Rceq:1.42 tex:21705 mv:11598 misc:6520 icu:4.00 pcu:2433.75 scu:29962.25 sc:0 ;
in:303 out:304 type:b q:31.09 q-aq:30.14 q-noVbv:31.09 q-Rceq:1.42 tex:24457 mv:12462 misc:7120 icu:9.50 pcu:2867.25 scu:29523.25 sc:0 ;
in:308 out:305 type:P q:28.79 q-aq:23.01 q-noVbv:28.79 q-Rceq:1.42 tex:487801 mv:86926 misc:38979 icu:770.25 pcu:22845.00 scu:8784.75 sc:0 ;
in:306 out:306 type:B q:29.94 q-aq:26.91 q-noVbv:29.94 q-Rceq:1.42 tex:150606 mv:43538 misc:20650 icu:61.75 pcu:11208.00 scu:21130.25 sc:0 ;
in:305 out:307 type:b q:31.08 q-aq:30.13 q-noVbv:31.08 q-Rceq:1.42 tex:19166 mv:11695 misc:6050 icu:3.25 pcu:2194.75 scu:30202.00 sc:0 ;
in:307 out:308 type:b q:31.07 q-aq:30.01 q-noVbv:31.07 q-Rceq:1.42 tex:28595 mv:17913 misc:8351 icu:14.75 pcu:3149.50 scu:29235.75 sc:0 ;
in:312 out:309 type:P q:28.76 q-aq:23.13 q-noVbv:28.76 q-Rceq:1.42 tex:521479 mv:96788 misc:39422 icu:1774.75 pcu:22420.25 scu:8205.00 sc:0 ;
in:310 out:310 type:B q:29.91 q-aq:27.08 q-noVbv:29.91 q-Rceq:1.42 tex:141805 mv:50103 misc:20736 icu:244.25 pcu:9640.00 scu:22515.75 sc:0 ;
in:309 out:311 type:b q:31.06 q-aq:29.90 q-noVbv:31.06 q-Rceq:1.42 tex:33335 mv:19830 misc:9431 icu:25.25 pcu:3268.25 scu:29106.50 sc:0 ;
in:311 out:312 type:b q:31.04 q-aq:29.79 q-noVbv:31.04 q-Rceq:1.42 tex:36608 mv:22175 misc:10187 icu:34.50 pcu:3583.00 scu:28782.50 sc:0 ;
in:316 out:313 type:P q:28.76 q-aq:22.95 q-noVbv:28.76 q-Rceq:1.42 tex:558373 mv:104481 misc:41118 icu:1868.25 pcu:22877.50 scu:7654.25 sc:0 ;
in:314 out:314 type:B q:29.89 q-aq:26.81 q-noVbv:29.89 q-Rceq:1.42 tex:170281 mv:55606 misc:23187 icu:261.00 pcu:11640.00 scu:20499.00 sc:0 ;
in:313 out:315 type:b q:31.03 q-aq:29.77 q-noVbv:31.03 q-Rceq:1.42 tex:36912 mv:21343 misc:10209 icu:34.75 pcu:3915.50 scu:28449.75 sc:0 ;
in:315 out:316 type:b q:31.03 q-aq:29.81 q-noVbv:31.03 q-Rceq:1.42 tex:43215 mv:24991 misc:11527 icu:39.75 pcu:4033.75 scu:28326.50 sc:0 ;
in:320 out:317 type:P q:28.77 q-aq:22.92 q-noVbv:28.77 q-Rceq:1.42 tex:573869 mv:106048 misc:40811 icu:1831.50 pcu:22396.75 scu:8171.75 sc:0 ;
in:318 out:318 type:B q:29.90 q-aq:26.96 q-noVbv:29.90 q-Rceq:1.42 tex:153967 mv:54084 misc:21563 icu:271.50 pcu:10572.25 scu:21556.25 sc:0 ;
in:317 out:319 type:b q:31.03 q-aq:29.80 q-noVbv:31.03 q-Rceq:1.42 tex:42398 mv:24193 misc:10588 icu:42.50 pcu:3493.00 scu:28864.50 sc:0 ;
in:319 out:320 type:b q:31.04 q-aq:29.76 q-noVbv:31.04 q-Rceq:1.42 tex:42445 mv:23455 misc:10917 icu:32.75 pcu:3961.75 scu:28405.50 sc:0 ;
in:324 out:321 type:P q:28.80 q-aq:22.98 q-noVbv:28.80 q-Rceq:1.42 tex:514172 mv:94930 misc:40686 icu:1083.00 pcu:23813.75 scu:7503.25 sc:0 ;
in:322 out:322 type:B q:29.92 q-aq:27.08 q-noVbv:29.92 q-Rceq:1.42 tex:128682 mv:42059 misc:18977 icu:133.75 pcu:9298.50 scu:22967.75 sc:0 ;
in:321 out:323 type:b q:31.05 q-aq:30.01 q-noVbv:31.05 q-Rceq:1.42 tex:37134 mv:19045 misc:9335 icu:18.25 pcu:3522.25 scu:28859.50 sc:0 ;
in:323 out:324 type:b q:31.06 q-aq:29.98 q-noVbv:31.06 q-Rceq:1.42 tex:31678 mv:17479 misc:8940 icu:22.25 pcu:3182.25 scu:29195.50 sc:0 ;
in:328 out:325 type:P q:28.80 q-aq:23.15 q-noVbv:28.80 q-Rceq:1.42 tex:508478 mv:99808 misc:38825 icu:1264.25 pcu:21655.00 scu:9480.75 sc:0 ;
in:326 out:326 type:B q:29.93 q-aq:26.94 q-noVbv:29.93 q-Rceq:1.42 tex:143298 mv:49372 misc:20944 icu:170.50 pcu:10045.25 scu:22184.25 sc:0 ;
in:325 out:327 type:b q:31.07 q-aq:30.01 q-noVbv:31.07 q-Rceq:1.42 tex:31468 mv:19868 misc:9172 icu:23.75 pcu:3364.00 scu:29012.25 sc:0 ;
in:327 out:328 type:b q:31.07 q-aq:30.09 q-noVbv:31.07 q-Rceq:1.42 tex:32053 mv:20293 misc:9233 icu:27.00 pcu:3017.50 scu:29355.50 sc:0 ;
in:332 out:329 type:P q:28.79 q-aq:24.32 q-noVbv:28.79 q-Rceq:1.42 tex:428088 mv:93646 misc:35194 icu:1058.00 pcu:18041.75 scu:13300.25 sc:0 ;
in:330 out:330 type:B q:29.93 q-aq:26.95 q-noVbv:29.93 q-Rceq:1.42 tex:138642 mv:48084 misc:20731 icu:145.75 pcu:10308.25 scu:21946.00 sc:0 ;
in:329 out:331 type:b q:31.07 q-aq:29.84 q-noVbv:31.07 q-Rceq:1.42 tex:37557 mv:21674 misc:10121 icu:38.00 pcu:3304.25 scu:29057.75 sc:0 ;
in:331 out:332 type:b q:31.07 q-aq:29.79 q-noVbv:31.07 q-Rceq:1.42 tex:36328 mv:20139 misc:9954 icu:15.50 pcu:3931.50 scu:28453.00 sc:0 ;
in:336 out:333 type:P q:28.77 q-aq:22.50 q-noVbv:28.77 q-Rceq:1.42 tex:823166 mv:125801 misc:46423 icu:6079.25 pcu:19305.00 scu:7015.75 sc:0 ;
in:334 out:334 type:B q:29.92 q-aq:27.04 q-noVbv:29.92 q-Rceq:1.42 tex:128404 mv:47419 misc:20381 icu:152.25 pcu:8940.75 scu:23307.00 sc:0 ;
in:333 out:335 type:b q:31.06 q-aq:29.93 q-noVbv:31.06 q-Rceq:1.42 tex:35991 mv:19604 misc:9598 icu:22.00 pcu:3690.50 scu:28687.50 sc:0 ;
in:335 out:336 type:b q:31.05 q-aq:29.96 q-noVbv:31.05 q-Rceq:1.42 tex:40155 mv:23159 misc:10676 icu:55.75 pcu:3633.25 scu:28711.00 sc:0 ;
in:340 out:337 type:P q:28.85 q-aq:23.00 q-noVbv:28.85 q-Rceq:1.42 tex:499664 mv:90245 misc:38163 icu:895.00 pcu:20374.25 scu:11130.75 sc:0 ;
in:338 out:338 type:B q:29.95 q-aq:27.05 q-noVbv:29.95 q-Rceq:1.42 tex:138249 mv:40442 misc:20581 icu:79.00 pcu:9292.75 scu:23028.25 sc:0 ;
in:337 out:339 type:b q:31.06 q-aq:29.85 q-noVbv:31.06 q-Rceq:1.42 tex:40009 mv:21967 misc:10859 icu:25.75 pcu:4098.00 scu:28276.25 sc:0 ;
in:339 out:340 type:b q:31.10 q-aq:30.00 q-noVbv:31.10 q-Rceq:1.42 tex:33034 mv:16135 misc:9186 icu:10.00 pcu:3750.25 scu:28639.75 sc:0 ;
in:344 out:341 type:P q:28.84 q-aq:22.99 q-noVbv:28.84 q-Rceq:1.42 tex:481496 mv:84990 misc:38763 icu:513.00 pcu:21680.50 scu:10206.50 sc:0 ;
in:342 out:342 type:B q:29.98 q-aq:27.10 q-noVbv:29.98 q-Rceq:1.42 tex:111771 mv:35045 misc:18257 icu:46.75 pcu:9096.25 scu:23257.00 sc:0 ;
in:341 out:343 type:b q:31.12 q-aq:30.03 q-noVbv:31.12 q-Rceq:1.42 tex:23653 mv:12038 misc:6841 icu:1.25 pcu:2878.00 scu:29520.75 sc:0 ;
in:343 out:344 type:b q:31.12 q-aq:30.04 q-noVbv:31.12 q-Rceq:1.42 tex:27148 mv:12349 misc:7398 icu:2.75 pcu:3335.00 scu:29062.25 sc:0 ;
in:348 out:345 type:P q:28.83 q-aq:23.13 q-noVbv:28.83 q-Rceq:1.42 tex:474931 mv:86405 misc:37583 icu:399.50 pcu:20965.75 scu:11034.75 sc:0 ;
in:346 out:346 type:B q:29.97 q-aq:27.05 q-noVbv:29.97 q-Rceq:1.42 tex:120078 mv:35664 misc:18958 icu:32.50 pcu:9274.25 scu:23093.25 sc:0 ;
in:345 out:347 type:b q:31.11 q-aq:30.13 q-noVbv:31.11 q-Rceq:1.42 tex:20601 mv:11529 misc:6481 icu:2.25 pcu:2830.25 scu:29567.50 sc:0 ;
in:347 out:348 type:b q:31.10 q-aq:29.92 q-noVbv:31.10 q-Rceq:1.42 tex:30763 mv:12699 misc:7840 icu:3.50 pcu:3930.25 scu:28466.25 sc:0 ;
in:352 out:349 type:P q:28.80 q-aq:23.14 q-noVbv:28.80 q-Rceq:1.42 tex:468655 mv:88894 misc:37800 icu:408.25 pcu:20772.25 scu:11219.50 sc:0 ;
in:350 out:350 type:B q:29.95 q-aq:27.04 q-noVbv:29.95 q-Rceq:1.42 tex:133005 mv:37273 misc:19240 icu:55.50 pcu:9465.25 scu:22879.25 sc:0 ;
in:349 out:351 type:b q:31.09 q-aq:29.95 q-noVbv:31.09 q-Rceq:1.42 tex:22530 mv:11449 misc:6686 icu:4.00 pcu:2762.25 scu:29633.75 sc:0 ;
in:351 out:352 type:b q:31.08 q-aq:29.98 q-noVbv:31.08 q-Rceq:1.42 tex:27897 mv:13543 misc:7684 icu:3.50 pcu:3461.25 scu:28935.25 sc:0 ;
in:356 out:353 type:P q:28.77 q-aq:22.99 q-noVbv:28.77 q-Rceq:1.42 tex:464567 mv:88481 misc:37829 icu:408.00 pcu:21922.50 scu:10069.50 sc:0 ;
in:354 out:354 type:B q:29.92 q-aq:26.92 q-noVbv:29.92 q-Rceq:1.42 tex:142266 mv:39695 misc:20445 icu:69.00 pcu:11691.00 scu:20640.00 sc:0 ;
in:353 out:355 type:b q:31.06 q-aq:29.87 q-noVbv:31.06 q-Rceq:1.42 tex:34063 mv:14936 misc:8618 icu:7.50 pcu:4006.50 scu:28386.00 sc:0 ;
in:355 out:356 type:b q:31.05 q-aq:29.95 q-noVbv:31.05 q-Rceq:1.42 tex:26526 mv:12553 misc:7436 icu:2.75 pcu:3431.50 scu:28965.75 sc:0 ;
in:360 out:357 type:P q:28.74 q-aq:22.84 q-noVbv:28.74 q-Rceq:1.42 tex:419114 mv:83131 misc:37683 icu:336.00 pcu:20955.75 scu:11108.25 sc:0 ;
in:358 out:358 type:B q:29.89 q-aq:26.91 q-noVbv:29.89 q-Rceq:1.42 tex:123600 mv:35495 misc:18412 icu:41.25 pcu:9846.25 scu:22512.50 sc:0 ;
in:357 out:359 type:b q:31.03 q-aq:29.97 q-noVbv:31.03 q-Rceq:1.42 tex:26274 mv:11230 misc:6651 icu:1.50 pcu:2967.50 scu:29431.00 sc:0 ;
in:359 out:360 type:b q:31.02 q-aq:29.83 q-noVbv:31.02 q-Rceq:1.42 tex:30887 mv:12846 misc:7999 icu:4.75 pcu:3689.25 scu:28706.00 sc:0 ;
in:364 out:361 type:P q:28.71 q-aq:23.03 q-noVbv:28.71 q-Rceq:1.42 tex:467438 mv:83752 misc:37179 icu:371.50 pcu:20257.50 scu:11771.00 sc:0 ;
in:362 out:362 type:B q:29.86 q-aq:27.08 q-noVbv:29.86 q-Rceq:1.42 tex:112324 mv:33804 misc:17333 icu:40.25 pcu:8750.75 scu:23609.00 sc:0 ;
in:361 out:363 type:b q:31.01 q-aq:29.93 q-noVbv:31.01 q-Rceq:1.42 tex:27452 mv:12520 misc:7175 icu:4.50 pcu:3218.00 scu:29177.50 sc:0 ;
in:363 out:364 type:b q:30.99 q-aq:29.87 q-noVbv:30.99 q-Rceq:1.42 tex:30250 mv:12631 misc:7831 icu:4.00 pcu:3524.00 scu:28872.00 sc:0 ;
in:368 out:365 type:P q:28.68 q-aq:22.77 q-noVbv:28.68 q-Rceq:1.42 tex:482830 mv:89145 misc:38591 icu:460.00 pcu:20818.50 scu:11121.50 sc:0 ;
in:366 out:366 type:B q:29.83 q-aq:26.92 q-noVbv:29.83 q-Rceq:1.42 tex:128579 mv:40835 misc:19770 icu:48.25 pcu:9312.00 scu:23039.75 sc:0 ;
in:365 out:367 type:b q:30.97 q-aq:29.93 q-noVbv:30.97 q-Rceq:1.42 tex:25677 mv:11829 misc:6874 icu:4.50 pcu:2807.50 scu:29588.00 sc:0 ;
in:367 out:368 type:b q:30.96 q-aq:29.79 q-noVbv:30.96 q-Rceq:1.42 tex:31683 mv:14857 misc:8517 icu:6.75 pcu:3484.00 scu:28909.25 sc:0 ;
in:372 out:369 type:P q:28.66 q-aq:22.95 q-noVbv:28.66 q-Rceq:1.42 tex:492924 mv:94059 misc:38371 icu:542.25 pcu:20080.50 scu:11777.25 sc:0 ;
in:370 out:370 type:B q:29.81 q-aq:26.98 q-noVbv:29.81 q-Rceq:1.42 tex:138574 mv:42393 misc:20097 icu:65.75 pcu:9716.25 scu:22618.00 sc:0 ;
in:369 out:371 type:b q:30.95 q-aq:29.87 q-noVbv:30.95 q-Rceq:1.42 tex:32638 mv:13968 misc:8328 icu:3.75 pcu:3433.75 scu:28962.50 sc:0 ;
in:371 out:372 type:b q:30.93 q-aq:29.83 q-noVbv:30.93 q-Rceq:1.42 tex:32625 mv:15150 misc:9013 icu:10.00 pcu:3689.75 scu:28700.25 sc:0 ;
in:376 out:373 type:P q:28.64 q-aq:22.88 q-noVbv:28.64 q-Rceq:1.42 tex:445345 mv:90358 misc:38351 icu:582.50 pcu:19730.25 scu:12087.25 sc:0 ;
in:374 out:374 type:B q:29.78 q-aq:26.92 q-noVbv:29.78 q-Rceq:1.42 tex:134587 mv:38711 misc:19639 icu:63.75 pcu:9738.25 scu:22598.00 sc:0 ;
in:373 out:375 type:b q:30.92 q-aq:29.75 q-noVbv:30.92 q-Rceq:1.42 tex:32877 mv:15145 misc:8826 icu:3.25 pcu:3617.25 scu:28779.50 sc:0 ;
in:375 out:376 type:b q:30.92 q-aq:29.74 q-noVbv:30.92 q-Rceq:1.42 tex:33991 mv:13366 misc:8349 icu:5.75 pcu:3552.50 scu:28841.75 sc:0 ;
in:380 out:377 type:P q:28.62 q-aq:23.02 q-noVbv:28.62 q-Rceq:1.42 tex:417683 mv:85952 misc:37266 icu:487.75 pcu:19522.50 scu:12389.75 sc:0 ;
in:378 out:378 type:B q:29.76 q-aq:26.75 q-noVbv:29.76 q-Rceq:1.42 tex:123543 mv:40616 misc:19712 icu:61.50 pcu:10608.00 scu:21730.50 sc:0 ;
in:377 out:379 type:b q:30.91 q-aq:29.68 q-noVbv:30.91 q-Rceq:1.42 tex:27908 mv:14191 misc:8156 icu:10.75 pcu:3414.00 scu:28975.25 sc:0 ;
in:379 out:380 type:b q:30.89 q-aq:29.53 q-noVbv:30.89 q-Rceq:1.42 tex:36592 mv:15830 misc:9326 icu:9.00 pcu:4354.50 scu:28036.50 sc:0 ;
in:384 out:381 type:P q:28.59 q-aq:23.32 q-noVbv:28.59 q-Rceq:1.42 tex:477874 mv:87510 misc:36768 icu:576.25 pcu:20520.50 scu:11303.25 sc:0 ;
in:382 out:382 type:B q:29.74 q-aq:26.69 q-noVbv:29.74 q-Rceq:1.42 tex:145030 mv:45792 misc:21421 icu:83.75 pcu:11216.00 scu:21100.25 sc:0 ;
in:381 out:383 type:b q:30.88 q-aq:29.76 q-noVbv:30.88 q-Rceq:1.42 tex:33373 mv:15426 misc:9069 icu:4.25 pcu:4364.50 scu:28031.25 sc:0 ;
in:383 out:384 type:b q:30.87 q-aq:29.62 q-noVbv:30.87 q-Rceq:1.42 tex:35480 mv:16841 misc:9355 icu:7.75 pcu:4507.50 scu:27884.75 sc:0 ;
in:388 out:385 type:P q:28.57 q-aq:24.07 q-noVbv:28.57 q-Rceq:1.42 tex:450809 mv:93127 misc:35430 icu:1149.00 pcu:19117.75 scu:12133.25 sc:0 ;
in:386 out:386 type:B q:29.71 q-aq:26.60 q-noVbv:29.71 q-Rceq:1.42 tex:168680 mv:56458 misc:23448 icu:103.50 pcu:12641.75 scu:19654.75 sc:0 ;
in:385 out:387 type:b q:30.85 q-aq:29.67 q-noVbv:30.85 q-Rceq:1.42 tex:37529 mv:19300 misc:9939 icu:14.50 pcu:3921.25 scu:28464.25 sc:0 ;
in:387 out:388 type:b q:30.84 q-aq:29.46 q-noVbv:30.84 q-Rceq:1.42 tex:56835 mv:27137 misc:12472 icu:37.00 pcu:5914.50 scu:26448.50 sc:0 ;
in:392 out:389 type:P q:28.55 q-aq:22.79 q-noVbv:28.55 q-Rceq:1.42 tex:812042 mv:118885 misc:43960 icu:6239.00 pcu:20049.75 scu:6111.25 sc:0 ;
in:390 out:390 type:B q:29.70 q-aq:26.43 q-noVbv:29.70 q-Rceq:1.42 tex:202651 mv:65611 misc:25438 icu:401.00 pcu:12782.50 scu:19216.50 sc:0 ;
in:389 out:391 type:b q:30.84 q-aq:29.41 q-noVbv:30.84 q-Rceq:1.42 tex:57890 mv:28110 misc:12983 icu:86.00 pcu:5708.25 scu:26605.75 sc:0 ;
in:391 out:392 type:b q:30.83 q-aq:29.50 q-noVbv:30.83 q-Rceq:1.42 tex:73058 mv:32460 misc:14769 icu:104.50 pcu:5760.75 scu:26534.75 sc:0 ;
in:396 out:393 type:P q:28.63 q-aq:23.01 q-noVbv:28.63 q-Rceq:1.42 tex:596941 mv:103840 misc:40324 icu:3118.00 pcu:21603.00 scu:7679.00 sc:0 ;
in:394 out:394 type:B q:29.73 q-aq:26.55 q-noVbv:29.73 q-Rceq:1.42 tex:212113 mv:65674 misc:24934 icu:526.25 pcu:12869.00 scu:19004.75 sc:0 ;
in:393 out:395 type:b q:30.84 q-aq:29.56 q-noVbv:30.84 q-Rceq:1.42 tex:69774 mv:32823 misc:14612 icu:154.50 pcu:5917.00 scu:26328.50 sc:0 ;
in:395 out:396 type:b q:30.88 q-aq:29.47 q-noVbv:30.88 q-Rceq:1.42 tex:67687 mv:31131 misc:14451 icu:113.00 pcu:6060.25 scu:26226.75 sc:0 ;
in:400 out:397 type:P q:28.68 q-aq:22.85 q-noVbv:28.68 q-Rceq:1.42 tex:542826 mv:101332 misc:39884 icu:3086.25 pcu:22283.75 scu:7030.00 sc:0 ;
in:398 out:398 type:B q:29.79 q-aq:26.62 q-noVbv:29.79 q-Rceq:1.42 tex:185186 mv:60294 misc:23925 icu:464.25 pcu:12866.25 scu:19069.50 sc:0 ;
in:397 out:399 type:b q:30.92 q-aq:29.52 q-noVbv:30.92 q-Rceq:1.42 tex:65672 mv:29826 misc:13620 icu:131.75 pcu:5699.75 scu:26568.50 sc:0 ;
in:399 out:400 type:b q:30.94 q-aq:29.49 q-noVbv:30.94 q-Rceq:1.42 tex:64502 mv:30293 misc:13842 icu:85.25 pcu:6276.00 scu:26038.75 sc:0 ;
in:404 out:401 type:P q:28.73 q-aq:23.01 q-noVbv:28.73 q-Rceq:1.42 tex:523869 mv:95821 misc:39274 icu:3083.00 pcu:22535.25 scu:6781.75 sc:0 ;
in:402 out:402 type:B q:29.84 q-aq:26.66 q-noVbv:29.84 q-Rceq:1.42 tex:186572 mv:61185 misc:23910 icu:456.75 pcu:13111.25 scu:18832.00 sc:0 ;
in:401 out:403 type:b q:30.97 q-aq:29.57 q-noVbv:30.97 q-Rceq:1.42 tex:62652 mv:29464 misc:13153 icu:89.25 pcu:5716.50 scu:26594.25 sc:0 ;
in:403 out:404 type:b q:30.99 q-aq:29.48 q-noVbv:30.99 q-Rceq:1.42 tex:58556 mv:29055 misc:12684 icu:70.50 pcu:6020.75 scu:26308.75 sc:0 ;
in:408 out:405 type:P q:28.75 q-aq:23.13 q-noVbv:28.75 q-Rceq:1.42 tex:523813 mv:97523 misc:39181 icu:3554.25 pcu:22305.25 scu:6540.50 sc:0 ;
in:406 out:406 type:B q:29.88 q-aq:26.64 q-noVbv:29.88 q-Rceq:1.42 tex:178957 mv:59397 misc:23801 icu:418.50 pcu:13416.00 scu:18565.50 sc:0 ;
in:405 out:407 type:b q:31.00 q-aq:29.45 q-noVbv:31.00 q-Rceq:1.42 tex:59557 mv:28822 misc:12980 icu:81.75 pcu:5777.50 scu:26540.75 sc:0 ;
in:407 out:408 type:b q:31.02 q-aq:29.51 q-noVbv:31.02 q-Rceq:1.42 tex:55452 mv:28627 misc:12337 icu:85.00 pcu:5534.00 scu:26781.00 sc:0 ;
in:412 out:409 type:P q:28.78 q-aq:23.03 q-noVbv:28.78 q-Rceq:1.42 tex:534382 mv:98544 misc:39899 icu:3299.25 pcu:24471.75 scu:4629.00 sc:0 ;
in:410 out:410 type:B q:29.90 q-aq:26.63 q-noVbv:29.90 q-Rceq:1.42 tex:177650 mv:59106 misc:23732 icu:316.50 pcu:13644.50 scu:18439.00 sc:0 ;
in:409 out:411 type:b q:31.03 q-aq:29.42 q-noVbv:31.03 q-Rceq:1.42 tex:54765 mv:27555 misc:12750 icu:58.75 pcu:5865.50 scu:26475.75 sc:0 ;
in:411 out:412 type:b q:31.05 q-aq:29.51 q-noVbv:31.05 q-Rceq:1.42 tex:54151 mv:26975 misc:12245 icu:82.25 pcu:5683.00 scu:26634.75 sc:0 ;
in:416 out:413 type:P q:28.81 q-aq:22.93 q-noVbv:28.81 q-Rceq:1.42 tex:565859 mv:105764 misc:40621 icu:2774.25 pcu:25549.75 scu:4076.00 sc:0 ;
in:414 out:414 type:B q:29.93 q-aq:26.71 q-noVbv:29.93 q-Rceq:1.42 tex:172704 mv:57907 misc:23682 icu:250.50 pcu:13070.25 scu:19079.25 sc:0 ;
in:413 out:415 type:b q:31.06 q-aq:29.49 q-noVbv:31.06 q-Rceq:1.42 tex:52009 mv:26465 misc:11892 icu:59.00 pcu:5606.00 scu:26735.00 sc:0 ;
in:415 out:416 type:b q:31.07 q-aq:29.64 q-noVbv:31.07 q-Rceq:1.42 tex:51327 mv:26538 misc:11897 icu:39.25 pcu:5403.25 scu:26957.50 sc:0 ;
in:420 out:417 type:P q:28.84 q-aq:22.81 q-noVbv:28.84 q-Rceq:1.42 tex:564122 mv:105834 misc:40899 icu:2049.25 pcu:25824.75 scu:4526.00 sc:0 ;
in:418 out:418 type:B q:29.96 q-aq:26.69 q-noVbv:29.96 q-Rceq:1.42 tex:167233 mv:55294 misc:22617 icu:185.00 pcu:12260.50 scu:19954.50 sc:0 ;
in:417 out:419 type:b q:31.08 q-aq:29.67 q-noVbv:31.08 q-Rceq:1.42 tex:47657 mv:25387 misc:11337 icu:20.25 pcu:5247.75 scu:27132.00 sc:0 ;
in:419 out:420 type:b q:31.10 q-aq:29.67 q-noVbv:31.10 q-Rceq:1.42 tex:46462 mv:22641 misc:10602 icu:22.50 pcu:5015.50 scu:27362.00 sc:0 ;
in:424 out:421 type:P q:28.86 q-aq:22.72 q-noVbv:28.86 q-Rceq:1.42 tex:561872 mv:98555 misc:40013 icu:1297.25 pcu:26919.75 scu:4183.00 sc:0 ;
in:422 out:422 type:B q:29.99 q-aq:26.77 q-noVbv:29.99 q-Rceq:1.42 tex:156416 mv:48669 misc:21692 icu:111.25 pcu:11828.50 scu:20460.25 sc:0 ;
in:421 out:423 type:b q:31.11 q-aq:29.71 q-noVbv:31.11 q-Rceq:1.42 tex:40579 mv:20616 misc:10084 icu:14.00 pcu:4763.75 scu:27622.25 sc:0 ;
in:423 out:424 type:b q:31.13 q-aq:29.74 q-noVbv:31.13 q-Rceq:1.42 tex:37276 mv:18428 misc:8855 icu:14.75 pcu:4270.50 scu:28114.75 sc:0 ;
in:428 out:425 type:P q:28.88 q-aq:22.73 q-noVbv:28.88 q-Rceq:1.42 tex:510434 mv:90312 misc:40033 icu:861.00 pcu:27031.00 scu:4508.00 sc:0 ;
in:426 out:426 type:B q:30.01 q-aq:26.80 q-noVbv:30.01 q-Rceq:1.42 tex:140044 mv:43518 misc:20723 icu:52.25 pcu:11626.00 scu:20721.75 sc:0 ;
in:425 out:427 type:b q:31.14 q-aq:29.79 q-noVbv:31.14 q-Rceq:1.42 tex:32185 mv:16546 misc:8683 icu:12.75 pcu:4332.50 scu:28054.75 sc:0 ;
in:427 out:428 type:b q:31.15 q-aq:29.97 q-noVbv:31.15 q-Rceq:1.42 tex:34447 mv:14553 misc:7834 icu:3.75 pcu:3755.25 scu:28641.00 sc:0 ;
in:432 out:429 type:P q:28.89 q-aq:22.92 q-noVbv:28.89 q-Rceq:1.42 tex:448492 mv:77675 misc:37247 icu:577.00 pcu:26727.50 scu:5095.50 sc:0 ;
in:430 out:430 type:B q:30.02 q-aq:26.96 q-noVbv:30.02 q-Rceq:1.42 tex:123274 mv:37607 misc:19002 icu:55.75 pcu:10759.00 scu:21585.25 sc:0 ;
in:429 out:431 type:b q:31.16 q-aq:30.11 q-noVbv:31.16 q-Rceq:1.42 tex:23120 mv:12188 misc:6519 icu:2.25 pcu:2842.75 scu:29555.00 sc:0 ;
in:431 out:432 type:b q:31.16 q-aq:29.99 q-noVbv:31.16 q-Rceq:1.42 tex:24060 mv:11632 misc:6429 icu:4.50 pcu:3263.75 scu:29131.75 sc:0 ;
in:436 out:433 type:P q:28.86 q-aq:22.95 q-noVbv:28.86 q-Rceq:1.42 tex:481761 mv:80596 misc:37825 icu:538.00 pcu:26407.50 scu:5454.50 sc:0 ;
in:434 out:434 type:B q:30.01 q-aq:26.86 q-noVbv:30.01 q-Rceq:1.42 tex:127503 mv:38551 misc:19136 icu:36.75 pcu:11461.50 scu:20901.75 sc:0 ;
in:433 out:435 type:b q:31.15 q-aq:29.94 q-noVbv:31.15 q-Rceq:1.42 tex:23817 mv:11572 misc:6314 icu:3.50 pcu:3300.50 scu:29096.00 sc:0 ;
in:435 out:436 type:b q:31.14 q-aq:29.73 q-noVbv:31.14 q-Rceq:1.42 tex:35552 mv:14306 misc:8064 icu:6.25 pcu:4835.50 scu:27558.25 sc:0 ;
in:440 out:437 type:P q:28.84 q-aq:23.17 q-noVbv:28.84 q-Rceq:1.42 tex:458390 mv:87538 misc:37093 icu:702.75 pcu:26239.50 scu:5457.75 sc:0 ;
in:438 out:438 type:B q:29.99 q-aq:26.89 q-noVbv:29.99 q-Rceq:1.42 tex:105872 mv:38252 misc:18088 icu:43.00 pcu:9762.75 scu:22594.25 sc:0 ;
in:437 out:439 type:b q:31.13 q-aq:29.92 q-noVbv:31.13 q-Rceq:1.42 tex:26351 mv:12524 misc:6739 icu:4.00 pcu:3296.50 scu:29099.50 sc:0 ;
in:439 out:440 type:b q:31.12 q-aq:29.78 q-noVbv:31.12 q-Rceq:1.42 tex:30836 mv:15595 misc:7862 icu:8.00 pcu:4243.75 scu:28148.25 sc:0 ;
in:444 out:441 type:P q:28.82 q-aq:23.90 q-noVbv:28.82 q-Rceq:1.42 tex:456836 mv:88812 misc:36463 icu:1177.75 pcu:23491.50 scu:7730.75 sc:0 ;
in:442 out:442 type:B q:29.96 q-aq:26.71 q-noVbv:29.96 q-Rceq:1.42 tex:141030 mv:48123 misc:21530 icu:117.25 pcu:12027.75 scu:20255.00 sc:0 ;
in:441 out:443 type:b q:31.10 q-aq:29.69 q-noVbv:31.10 q-Rceq:1.42 tex:31993 mv:17293 misc:8758 icu:15.25 pcu:4246.25 scu:28138.50 sc:0 ;
in:443 out:444 type:b q:31.09 q-aq:29.73 q-noVbv:31.09 q-Rceq:1.42 tex:34669 mv:18995 misc:9539 icu:21.50 pcu:4333.25 scu:28045.25 sc:0 ;
in:448 out:445 type:P q:28.79 q-aq:22.52 q-noVbv:28.79 q-Rceq:1.42 tex:887386 mv:126491 misc:45695 icu:6387.25 pcu:22805.75 scu:3207.00 sc:0 ;
in:446 out:446 type:B q:29.94 q-aq:26.67 q-noVbv:29.94 q-Rceq:1.42 tex:152413 mv:51384 misc:22978 icu:125.75 pcu:11421.00 scu:20853.25 sc:0 ;
in:445 out:447 type:b q:31.08 q-aq:29.71 q-noVbv:31.08 q-Rceq:1.42 tex:35635 mv:19889 misc:9910 icu:25.50 pcu:4630.50 scu:27744.00 sc:0 ;
in:447 out:448 type:b q:31.07 q-aq:29.60 q-noVbv:31.07 q-Rceq:1.42 tex:39914 mv:23412 misc:11614 icu:27.75 pcu:4931.00 scu:27441.25 sc:0 ;
in:452 out:449 type:P q:28.86 q-aq:23.18 q-noVbv:28.86 q-Rceq:1.42 tex:568776 mv:106904 misc:41582 icu:1865.50 pcu:22485.25 scu:8049.25 sc:0 ;
in:450 out:450 type:B q:29.96 q-aq:26.79 q-noVbv:29.96 q-Rceq:1.42 tex:162653 mv:53595 misc:23736 icu:172.50 pcu:11405.00 scu:20822.50 sc:0 ;
in:449 out:451 type:b q:31.08 q-aq:29.65 q-noVbv:31.08 q-Rceq:1.42 tex:37076 mv:20435 misc:10194 icu:23.75 pcu:4099.75 scu:28276.50 sc:0 ;
in:451 out:452 type:b q:31.12 q-aq:29.69 q-noVbv:31.12 q-Rceq:1.42 tex:38255 mv:20562 misc:10472 icu:20.25 pcu:4798.50 scu:27581.25 sc:0 ;
in:456 out:453 type:P q:28.88 q-aq:22.95 q-noVbv:28.88 q-Rceq:1.42 tex:553138 mv:108648 misc:41990 icu:1620.50 pcu:23385.50 scu:7394.00 sc:0 ;
in:454 out:454 type:B q:30.01 q-aq:26.89 q-noVbv:30.01 q-Rceq:1.42 tex:150297 mv:53669 misc:23408 icu:137.00 pcu:11354.00 scu:20909.00 sc:0 ;
in:453 out:455 type:b q:31.14 q-aq:29.68 q-noVbv:31.14 q-Rceq:1.42 tex:37309 mv:20193 misc:10620 icu:20.50 pcu:4700.50 scu:27679.00 sc:0 ;
in:455 out:456 type:b q:31.15 q-aq:29.62 q-noVbv:31.15 q-Rceq:1.42 tex:46501 mv:23287 misc:12168 icu:33.00 pcu:5783.50 scu:26583.50 sc:0 ;
in:460 out:457 type:P q:28.90 q-aq:22.94 q-noVbv:28.90 q-Rceq:1.42 tex:532406 mv:105829 misc:42521 icu:1522.50 pcu:23780.25 scu:7097.25 sc:0 ;
in:458 out:458 type:B q:30.02 q-aq:27.02 q-noVbv:30.02 q-Rceq:1.42 tex:136396 mv:48696 misc:22233 icu:120.75 pcu:10455.75 scu:21823.50 sc:0 ;
in:457 out:459 type:b q:31.15 q-aq:29.72 q-noVbv:31.15 q-Rceq:1.42 tex:36495 mv:19751 misc:10186 icu:21.25 pcu:4467.25 scu:27911.50 sc:0 ;
in:459 out:460 type:b q:31.16 q-aq:29.69 q-noVbv:31.16 q-Rceq:1.42 tex:37791 mv:20727 misc:10773 icu:21.75 pcu:4654.00 scu:27724.25 sc:0 ;
in:464 out:461 type:P q:28.91 q-aq:23.15 q-noVbv:28.91 q-Rceq:1.42 tex:527092 mv:105061 misc:41766 icu:1459.00 pcu:22291.00 scu:8650.00 sc:0 ;
in:462 out:462 type:B q:30.04 q-aq:26.81 q-noVbv:30.04 q-Rceq:1.42 tex:140751 mv:49676 misc:22199 icu:123.00 pcu:11080.50 scu:21196.50 sc:0 ;
in:461 out:463 type:b q:31.17 q-aq:29.64 q-noVbv:31.17 q-Rceq:1.42 tex:37714 mv:20868 misc:11107 icu:20.00 pcu:5079.00 scu:27301.00 sc:0 ;
in:463 out:464 type:b q:31.17 q-aq:29.75 q-noVbv:31.17 q-Rceq:1.42 tex:36457 mv:20227 misc:10334 icu:21.00 pcu:4781.50 scu:27597.50 sc:0 ;
in:468 out:465 type:P q:28.91 q-aq:23.06 q-noVbv:28.91 q-Rceq:1.42 tex:491637 mv:103105 misc:41206 icu:1583.75 pcu:23169.75 scu:7646.50 sc:0 ;
in:466 out:466 type:B q:30.04 q-aq:26.83 q-noVbv:30.04 q-Rceq:1.42 tex:144963 mv:50126 misc:22649 icu:149.75 pcu:12061.75 scu:20188.50 sc:0 ;
in:465 out:467 type:b q:31.18 q-aq:29.79 q-noVbv:31.18 q-Rceq:1.42 tex:35952 mv:20889 misc:10542 icu:23.25 pcu:4406.25 scu:27970.50 sc:0 ;
in:467 out:468 type:b q:31.18 q-aq:29.61 q-noVbv:31.18 q-Rceq:1.42 tex:38658 mv:20257 misc:10573 icu:30.00 pcu:5273.50 scu:27096.50 sc:0 ;
in:472 out:469 type:P q:28.91 q-aq:23.14 q-noVbv:28.91 q-Rceq:1.42 tex:500948 mv:102911 misc:41598 icu:1627.00 pcu:22945.00 scu:7828.00 sc:0 ;
in:470 out:470 type:B q:30.05 q-aq:26.86 q-noVbv:30.05 q-Rceq:1.42 tex:152434 mv:52887 misc:24100 icu:153.25 pcu:12601.50 scu:19645.25 sc:0 ;
in:469 out:471 type:b q:31.18 q-aq:29.56 q-noVbv:31.18 q-Rceq:1.42 tex:38933 mv:20800 misc:10983 icu:30.75 pcu:5481.50 scu:26887.75 sc:0 ;
in:471 out:472 type:b q:31.18 q-aq:29.72 q-noVbv:31.18 q-Rceq:1.42 tex:39977 mv:21083 misc:10784 icu:36.50 pcu:4895.75 scu:27467.75 sc:0 ;
in:476 out:473 type:P q:28.91 q-aq:22.94 q-noVbv:28.91 q-Rceq:1.42 tex:539071 mv:105255 misc:42347 icu:1881.75 pcu:23455.50 scu:7062.75 sc:0 ;
in:474 out:474 type:B q:30.04 q-aq:26.73 q-noVbv:30.04 q-Rceq:1.42 tex:162598 mv:52558 misc:24063 icu:185.75 pcu:12424.75 scu:19789.50 sc:0 ;
in:473 out:475 type:b q:31.18 q-aq:29.70 q-noVbv:31.18 q-Rceq:1.42 tex:44369 mv:23204 misc:11989 icu:23.25 pcu:5793.25 scu:26583.50 sc:0 ;
in:475 out:476 type:b q:31.18 q-aq:29.74 q-noVbv:31.18 q-Rceq:1.42 tex:43431 mv:22661 misc:11725 icu:26.50 pcu:5543.25 scu:26830.25 sc:0 ;
in:480 out:477 type:P q:28.92 q-aq:22.83 q-noVbv:28.92 q-Rceq:1.42 tex:544483 mv:104703 misc:42309 icu:1749.75 pcu:23730.25 scu:6920.00 sc:0 ;
in:478 out:478 type:B q:30.05 q-aq:26.82 q-noVbv:30.05 q-Rceq:1.42 tex:154430 mv:51543 misc:23382 icu:124.50 pcu:12325.00 scu:19950.50 sc:0 ;
in:477 out:479 type:b q:31.18 q-aq:29.76 q-noVbv:31.18 q-Rceq:1.42 tex:46097 mv:22679 misc:11710 icu:19.25 pcu:5492.75 scu:26888.00 sc:0 ;
in:479 out:480 type:b q:31.19 q-aq:29.82 q-noVbv:31.19 q-Rceq:1.42 tex:39136 mv:19827 misc:10529 icu:36.25 pcu:4840.50 scu:27523.25 sc:0 ;
in:484 out:481 type:P q:28.94 q-aq:22.76 q-noVbv:28.94 q-Rceq:1.42 tex:534718 mv:100685 misc:41150 icu:1308.00 pcu:24206.25 scu:6885.75 sc:0 ;
in:482 out:482 type:B q:30.06 q-aq:26.84 q-noVbv:30.06 q-Rceq:1.42 tex:153253 mv:49957 misc:22960 icu:120.00 pcu:12195.25 scu:20084.75 sc:0 ;
in:481 out:483 type:b q:31.20 q-aq:29.73 q-noVbv:31.20 q-Rceq:1.42 tex:37979 mv:21193 misc:10755 icu:18.50 pcu:4859.50 scu:27522.00 sc:0 ;
in:483 out:484 type:b q:31.20 q-aq:29.90 q-noVbv:31.20 q-Rceq:1.42 tex:36642 mv:19101 misc:9814 icu:21.50 pcu:4795.25 scu:27583.25 sc:0 ;
in:488 out:485 type:P q:28.95 q-aq:23.05 q-noVbv:28.95 q-Rceq:1.42 tex:474691 mv:88561 misc:39408 icu:844.75 pcu:23114.50 scu:8440.75 sc:0 ;
in:486 out:486 type:B q:30.08 q-aq:26.95 q-noVbv:30.08 q-Rceq:1.42 tex:151153 mv:44459 misc:21686 icu:78.00 pcu:11646.75 scu:20675.25 sc:0 ;
in:485 out:487 type:b q:31.21 q-aq:29.94 q-noVbv:31.21 q-Rceq:1.42 tex:39051 mv:18690 misc:9868 icu:7.50 pcu:4958.50 scu:27434.00 sc:0 ;
in:487 out:488 type:b q:31.21 q-aq:29.90 q-noVbv:31.21 q-Rceq:1.42 tex:31625 mv:14003 misc:8032 icu:3.75 pcu:3800.50 scu:28595.75 sc:0 ;
in:492 out:489 type:P q:28.94 q-aq:23.32 q-noVbv:28.94 q-Rceq:1.42 tex:431342 mv:90030 misc:38472 icu:842.00 pcu:23156.50 scu:8401.50 sc:0 ;
in:490 out:490 type:B q:30.08 q-aq:26.90 q-noVbv:30.08 q-Rceq:1.42 tex:139397 mv:46160 misc:21809 icu:63.25 pcu:11454.25 scu:20882.50 sc:0 ;
in:489 out:491 type:b q:31.22 q-aq:29.88 q-noVbv:31.22 q-Rceq:1.42 tex:37694 mv:18196 misc:9617 icu:6.25 pcu:4981.25 scu:27412.50 sc:0 ;
in:491 out:492 type:b q:31.21 q-aq:29.91 q-noVbv:31.21 q-Rceq:1.42 tex:31915 mv:16706 misc:8869 icu:10.25 pcu:4363.00 scu:28026.75 sc:0 ;
in:496 out:493 type:P q:28.92 q-aq:24.06 q-noVbv:28.92 q-Rceq:1.42 tex:409655 mv:93476 misc:35880 icu:1605.00 pcu:20867.50 scu:9927.50 sc:0 ;
in:494 out:494 type:B q:30.07 q-aq:26.77 q-noVbv:30.07 q-Rceq:1.42 tex:139212 mv:49880 misc:22158 icu:94.50 pcu:11950.00 scu:20355.50 sc:0 ;
in:493 out:495 type:b q:31.21 q-aq:29.80 q-noVbv:31.21 q-Rceq:1.42 tex:36757 mv:19989 misc:10278 icu:15.50 pcu:4642.50 scu:27742.00 sc:0 ;
in:495 out:496 type:b q:31.20 q-aq:29.78 q-noVbv:31.20 q-Rceq:1.42 tex:36392 mv:19827 misc:10026 icu:14.50 pcu:4367.25 scu:28018.25 sc:0 ;
in:500 out:497 type:i q:27.38 q-aq:22.12 q-noVbv:27.38 q-Rceq:1.42 tex:1375916 mv:177220 misc:31151 icu:32400.00 pcu:0.00 scu:0.00 sc:0 ;
in:498 out:498 type:B q:30.06 q-aq:26.86 q-noVbv:30.06 q-Rceq:1.42 tex:159676 mv:60029 misc:23677 icu:174.50 pcu:11972.25 scu:20253.25 sc:0 ;
in:497 out:499 type:b q:31.20 q-aq:29.74 q-noVbv:31.20 q-Rceq:1.42 tex:52229 mv:24610 misc:12355 icu:23.00 pcu:6103.00 scu:26274.00 sc:0 ;
in:499 out:500 type:b q:31.20 q-aq:29.89 q-noVbv:31.20 q-Rceq:1.42 tex:41620 mv:25488 misc:11553 icu:19.50 pcu:4850.00 scu:27530.50 sc:0 ;
in:504 out:501 type:P q:29.05 q-aq:22.93 q-noVbv:29.05 q-Rceq:1.42 tex:920438 mv:119250 misc:46434 icu:6471.25 pcu:19980.25 scu:5948.50 sc:0 ;
in:502 out:502 type:B q:30.18 q-aq:26.94 q-noVbv:30.18 q-Rceq:1.42 tex:150838 mv:54861 misc:22693 icu:238.25 pcu:10796.25 scu:21365.50 sc:0 ;
in:501 out:503 type:b q:31.32 q-aq:30.01 q-noVbv:31.32 q-Rceq:1.42 tex:24825 mv:20821 misc:9607 icu:33.50 pcu:3468.25 scu:28898.25 sc:0 ;
in:503 out:504 type:b q:31.32 q-aq:29.91 q-noVbv:31.32 q-Rceq:1.42 tex:25586 mv:22300 misc:10174 icu:61.25 pcu:3847.25 scu:28491.50 sc:0 ;
in:508 out:505 type:P q:29.13 q-aq:23.23 q-noVbv:29.13 q-Rceq:1.42 tex:599702 mv:108415 misc:42744 icu:3322.00 pcu:21238.00 scu:7840.00 sc:0 ;
in:506 out:506 type:B q:30.23 q-aq:26.89 q-noVbv:30.23 q-Rceq:1.42 tex:154099 mv:56137 misc:23728 icu:295.00 pcu:11625.50 scu:20479.50 sc:0 ;
in:505 out:507 type:b q:31.34 q-aq:29.74 q-noVbv:31.34 q-Rceq:1.42 tex:29209 mv:22230 misc:10549 icu:63.25 pcu:4101.50 scu:28235.25 sc:0 ;
in:507 out:508 type:b q:31.38 q-aq:29.91 q-noVbv:31.38 q-Rceq:1.42 tex:29380 mv:22997 misc:10311 icu:64.00 pcu:4280.75 scu:28055.25 sc:0 ;
in:512 out:509 type:P q:29.15 q-aq:23.34 q-noVbv:29.15 q-Rceq:1.42 tex:571169 mv:105693 misc:40494 icu:3292.75 pcu:22821.00 scu:6286.25 sc:0 ;
in:510 out:510 type:B q:30.28 q-aq:26.86 q-noVbv:30.28 q-Rceq:1.42 tex:155547 mv:55888 misc:23176 icu:304.75 pcu:13193.00 scu:18902.25 sc:0 ;
in:509 out:511 type:b q:31.41 q-aq:29.73 q-noVbv:31.41 q-Rceq:1.42 tex:25424 mv:21466 misc:9904 icu:56.50 pcu:4082.75 scu:28260.75 sc:0 ;
in:511 out:512 type:b q:31.42 q-aq:29.76 q-noVbv:31.42 q-Rceq:1.42 tex:32080 mv:23868 misc:10221 icu:67.00 pcu:4573.75 scu:27759.25 sc:0 ;
in:516 out:513 type:P q:29.17 q-aq:23.44 q-noVbv:29.17 q-Rceq:1.42 tex:586529 mv:102618 misc:40528 icu:3484.75 pcu:23465.50 scu:5449.75 sc:0 ;
in:514 out:514 type:B q:30.29 q-aq:26.84 q-noVbv:30.29 q-Rceq:1.42 tex:150348 mv:57303 misc:23133 icu:368.75 pcu:12925.50 scu:19105.75 sc:0 ;
in:513 out:515 type:b q:31.43 q-aq:29.83 q-noVbv:31.43 q-Rceq:1.42 tex:29873 mv:23066 misc:10181 icu:72.75 pcu:4716.25 scu:27611.00 sc:0 ;
in:515 out:516 type:b q:31.43 q-aq:29.75 q-noVbv:31.43 q-Rceq:1.42 tex:32604 mv:24268 misc:10313 icu:59.50 pcu:4993.50 scu:27347.00 sc:0 ;
in:520 out:517 type:P q:29.18 q-aq:23.49 q-noVbv:29.18 q-Rceq:1.42 tex:586069 mv:100604 misc:40864 icu:3494.00 pcu:23251.75 scu:5654.25 sc:0 ;
in:518 out:518 type:B q:30.31 q-aq:26.91 q-noVbv:30.31 q-Rceq:1.42 tex:163092 mv:56229 misc:23127 icu:407.00 pcu:12528.50 scu:19464.50 sc:0 ;
in:517 out:519 type:b q:31.44 q-aq:29.74 q-noVbv:31.44 q-Rceq:1.42 tex:36643 mv:25310 misc:11146 icu:50.50 pcu:5074.00 scu:27275.50 sc:0 ;
in:519 out:520 type:b q:31.45 q-aq:29.82 q-noVbv:31.45 q-Rceq:1.42 tex:35041 mv:25723 misc:11017 icu:68.75 pcu:5596.75 scu:26734.50 sc:0 ;
in:524 out:521 type:P q:29.20 q-aq:23.54 q-noVbv:29.20 q-Rceq:1.42 tex:545551 mv:98731 misc:39388 icu:3432.25 pcu:23026.00 scu:5941.75 sc:0 ;
in:522 out:522 type:B q:30.33 q-aq:26.94 q-noVbv:30.33 q-Rceq:1.42 tex:167456 mv:58042 misc:23992 icu:454.75 pcu:13047.50 scu:18897.75 sc:0 ;
in:521 out:523 type:b q:31.46 q-aq:29.78 q-noVbv:31.46 q-Rceq:1.42 tex:30342 mv:23485 misc:10074 icu:74.75 pcu:4550.00 scu:27775.25 sc:0 ;
in:523 out:524 type:b q:31.47 q-aq:29.77 q-noVbv:31.47 q-Rceq:1.42 tex:33060 mv:24448 misc:10446 icu:88.75 pcu:4733.25 scu:27578.00 sc:0 ;
in:528 out:525 type:P q:29.21 q-aq:23.63 q-noVbv:29.21 q-Rceq:1.42 tex:558506 mv:102382 misc:39358 icu:3503.75 pcu:22878.00 scu:6018.25 sc:0 ;
in:526 out:526 type:B q:30.34 q-aq:27.17 q-noVbv:30.34 q-Rceq:1.42 tex:160089 mv:55571 misc:23038 icu:436.50 pcu:12195.25 scu:19768.25 sc:0 ;
in:525 out:527 type:b q:31.47 q-aq:29.82 q-noVbv:31.47 q-Rceq:1.42 tex:31027 mv:23091 misc:10537 icu:64.50 pcu:5060.00 scu:27275.50 sc:0 ;
in:527 out:528 type:b q:31.48 q-aq:29.74 q-noVbv:31.48 q-Rceq:1.42 tex:30673 mv:22554 misc:10189 icu:64.00 pcu:4629.00 scu:27707.00 sc:0 ;
in:532 out:529 type:P q:29.23 q-aq:23.76 q-noVbv:29.23 q-Rceq:1.42 tex:552065 mv:103610 misc:39062 icu:3187.25 pcu:23172.25 scu:6040.50 sc:0 ;
in:530 out:530 type:B q:30.36 q-aq:27.08 q-noVbv:30.36 q-Rceq:1.42 tex:162814 mv:59704 misc:23992 icu:538.50 pcu:12964.00 scu:18897.50 sc:0 ;
in:529 out:531 type:b q:31.49 q-aq:29.83 q-noVbv:31.49 q-Rceq:1.42 tex:36211 mv:25498 misc:11318 icu:58.75 pcu:5189.75 scu:27151.50 sc:0 ;
in:531 out:532 type:b q:31.49 q-aq:29.92 q-noVbv:31.49 q-Rceq:1.42 tex:34864 mv:25129 misc:10862 icu:64.25 pcu:5286.00 scu:27049.75 sc:0 ;
in:536 out:533 type:P q:29.24 q-aq:23.80 q-noVbv:29.24 q-Rceq:1.42 tex:567970 mv:108188 misc:40286 icu:2612.25 pcu:23380.25 scu:6407.50 sc:0 ;
in:534 out:534 type:B q:30.37 q-aq:27.10 q-noVbv:30.37 q-Rceq:1.42 tex:165701 mv:59155 misc:24384 icu:393.00 pcu:13477.00 scu:18530.00 sc:0 ;
in:533 out:535 type:b q:31.50 q-aq:30.09 q-noVbv:31.50 q-Rceq:1.42 tex:31853 mv:23992 misc:10995 icu:71.75 pcu:5608.25 scu:26720.00 sc:0 ;
in:535 out:536 type:b q:31.51 q-aq:30.08 q-noVbv:31.51 q-Rceq:1.42 tex:36171 mv:26067 misc:11660 icu:57.00 pcu:5728.50 scu:26614.50 sc:0 ;
in:540 out:537 type:P q:29.26 q-aq:23.66 q-noVbv:29.26 q-Rceq:1.42 tex:574204 mv:112127 misc:39048 icu:2364.50 pcu:22767.00 scu:7268.50 sc:0 ;
in:538 out:538 type:B q:30.38 q-aq:27.04 q-noVbv:30.38 q-Rceq:1.42 tex:166478 mv:59049 misc:24519 icu:204.00 pcu:13110.25 scu:19085.75 sc:0 ;
in:537 out:539 type:b q:31.51 q-aq:30.13 q-noVbv:31.51 q-Rceq:1.42 tex:31313 mv:23398 misc:10862 icu:30.00 pcu:5497.50 scu:26872.50 sc:0 ;
in:539 out:540 type:b q:31.52 q-aq:30.15 q-noVbv:31.52 q-Rceq:1.42 tex:26751 mv:22004 misc:10253 icu:30.50 pcu:4696.75 scu:27672.75 sc:0 ;
in:544 out:541 type:P q:29.28 q-aq:23.83 q-noVbv:29.28 q-Rceq:1.42 tex:565160 mv:108508 misc:39020 icu:1699.00 pcu:23093.00 scu:7608.00 sc:0 ;
in:542 out:542 type:B q:30.40 q-aq:27.05 q-noVbv:30.40 q-Rceq:1.42 tex:159676 mv:56204 misc:23712 icu:161.00 pcu:12653.75 scu:19585.25 sc:0 ;
in:541 out:543 type:b q:31.53 q-aq:30.21 q-noVbv:31.53 q-Rceq:1.42 tex:28243 mv:20665 misc:10269 icu:13.25 pcu:4476.50 scu:27910.25 sc:0 ;
in:543 out:544 type:b q:31.54 q-aq:30.30 q-noVbv:31.54 q-Rceq:1.42 tex:28605 mv:20662 misc:10621 icu:14.00 pcu:4994.75 scu:27391.25 sc:0 ;
in:548 out:545 type:P q:29.29 q-aq:23.88 q-noVbv:29.29 q-Rceq:1.42 tex:513350 mv:105456 misc:38074 icu:1336.25 pcu:23568.00 scu:7495.75 sc:0 ;
in:546 out:546 type:B q:30.42 q-aq:27.05 q-noVbv:30.42 q-Rceq:1.42 tex:162086 mv:52835 misc:23872 icu:126.00 pcu:12238.50 scu:20035.50 sc:0 ;
in:545 out:547 type:b q:31.55 q-aq:30.25 q-noVbv:31.55 q-Rceq:1.42 tex:24638 mv:17416 misc:9285 icu:17.50 pcu:4298.00 scu:28084.50 sc:0 ;
in:547 out:548 type:b q:31.56 q-aq:30.35 q-noVbv:31.56 q-Rceq:1.42 tex:24435 mv:16863 misc:9490 icu:20.75 pcu:4142.50 scu:28236.75 sc:0 ;
in:552 out:549 type:P q:29.29 q-aq:24.06 q-noVbv:29.29 q-Rceq:1.42 tex:497730 mv:99967 misc:37724 icu:1116.50 pcu:22254.00 scu:9029.50 sc:0 ;
in:550 out:550 type:B q:30.43 q-aq:27.16 q-noVbv:30.43 q-Rceq:1.42 tex:160682 mv:51940 misc:23321 icu:121.75 pcu:12214.75 scu:20063.50 sc:0 ;
in:549 out:551 type:b q:31.56 q-aq:30.47 q-noVbv:31.56 q-Rceq:1.42 tex:22446 mv:15964 misc:8683 icu:10.25 pcu:3625.25 scu:28764.50 sc:0 ;
in:551 out:552 type:b q:31.56 q-aq:30.30 q-noVbv:31.56 q-Rceq:1.42 tex:23992 mv:17199 misc:9236 icu:14.75 pcu:4086.75 scu:28298.50 sc:0 ;
in:556 out:553 type:P q:29.29 q-aq:24.45 q-noVbv:29.29 q-Rceq:1.42 tex:470793 mv:96254 misc:35800 icu:1111.50 pcu:23563.00 scu:7725.50 sc:0 ;
in:554 out:554 type:B q:30.43 q-aq:26.90 q-noVbv:30.43 q-Rceq:1.42 tex:144531 mv:52361 misc:22957 icu:145.25 pcu:12728.50 scu:19526.25 sc:0 ;
in:553 out:555 type:b q:31.56 q-aq:30.38 q-noVbv:31.56 q-Rceq:1.42 tex:17547 mv:16680 misc:8204 icu:15.75 pcu:3950.50 scu:28433.75 sc:0 ;
in:555 out:556 type:b q:31.56 q-aq:30.31 q-noVbv:31.56 q-Rceq:1.42 tex:25215 mv:19048 misc:9754 icu:13.50 pcu:4673.75 scu:27712.75 sc:0 ;
in:560 out:557 type:P q:29.28 q-aq:23.65 q-noVbv:29.28 q-Rceq:1.42 tex:827512 mv:117201 misc:44288 icu:4677.50 pcu:22489.25 scu:5233.25 sc:0 ;
in:558 out:558 type:B q:30.42 q-aq:27.14 q-noVbv:30.42 q-Rceq:1.42 tex:167657 mv:56546 misc:23676 icu:160.50 pcu:12324.25 scu:19915.25 sc:0 ;
in:557 out:559 type:b q:31.56 q-aq:30.24 q-noVbv:31.56 q-Rceq:1.42 tex:24920 mv:20096 misc:9804 icu:14.75 pcu:4634.00 scu:27751.25 sc:0 ;
in:559 out:560 type:b q:31.56 q-aq:30.26 q-noVbv:31.56 q-Rceq:1.42 tex:28900 mv:22574 misc:11008 icu:31.75 pcu:4824.25 scu:27544.00 sc:0 ;
in:564 out:561 type:P q:29.34 q-aq:23.94 q-noVbv:29.34 q-Rceq:1.42 tex:541898 mv:111766 misc:40070 icu:2343.75 pcu:21547.25 scu:8509.00 sc:0 ;
in:562 out:562 type:B q:30.45 q-aq:27.23 q-noVbv:30.45 q-Rceq:1.42 tex:168354 mv:59960 misc:24401 icu:254.50 pcu:12825.25 scu:19320.25 sc:0 ;
in:561 out:563 type:b q:31.57 q-aq:30.27 q-noVbv:31.57 q-Rceq:1.42 tex:30599 mv:23022 misc:11327 icu:32.50 pcu:4831.50 scu:27536.00 sc:0 ;
in:563 out:564 type:b q:31.59 q-aq:30.22 q-noVbv:31.59 q-Rceq:1.42 tex:28285 mv:23442 misc:11392 icu:32.50 pcu:4954.75 scu:27412.75 sc:0 ;
in:568 out:565 type:P q:29.35 q-aq:23.94 q-noVbv:29.35 q-Rceq:1.42 tex:501776 mv:108800 misc:39268 icu:2323.00 pcu:22140.25 scu:7936.75 sc:0 ;
in:566 out:566 type:B q:30.48 q-aq:27.20 q-noVbv:30.48 q-Rceq:1.42 tex:158675 mv:59343 misc:23892 icu:272.25 pcu:12859.00 scu:19268.75 sc:0 ;
in:565 out:567 type:b q:31.61 q-aq:30.11 q-noVbv:31.61 q-Rceq:1.42 tex:25469 mv:23040 misc:10854 icu:48.00 pcu:4956.75 scu:27395.25 sc:0 ;
in:567 out:568 type:b q:31.61 q-aq:30.20 q-noVbv:31.61 q-Rceq:1.42 tex:29439 mv:24069 misc:10718 icu:31.25 pcu:5213.00 scu:27155.75 sc:0 ;
in:572 out:569 type:P q:29.35 q-aq:24.05 q-noVbv:29.35 q-Rceq:1.42 tex:480286 mv:101341 misc:37931 icu:2205.75 pcu:21516.50 scu:8677.75 sc:0 ;
in:570 out:570 type:B q:30.49 q-aq:27.20 q-noVbv:30.49 q-Rceq:1.42 tex:163208 mv:58487 misc:23518 icu:330.25 pcu:12697.50 scu:19372.25 sc:0 ;
in:569 out:571 type:b q:31.62 q-aq:30.23 q-noVbv:31.62 q-Rceq:1.42 tex:27175 mv:22454 misc:10323 icu:46.25 pcu:4750.50 scu:27603.25 sc:0 ;
in:571 out:572 type:b q:31.62 q-aq:30.19 q-noVbv:31.62 q-Rceq:1.42 tex:26735 mv:21965 misc:10294 icu:64.75 pcu:4714.75 scu:27620.50 sc:0 ;
in:576 out:573 type:P q:29.35 q-aq:24.27 q-noVbv:29.35 q-Rceq:1.42 tex:464134 mv:96339 misc:36312 icu:2232.50 pcu:21495.75 scu:8671.75 sc:0 ;
in:574 out:574 type:B q:30.49 q-aq:27.22 q-noVbv:30.49 q-Rceq:1.42 tex:157534 mv:54179 misc:22488 icu:322.75 pcu:12240.75 scu:19836.50 sc:0 ;
in:573 out:575 type:b q:31.62 q-aq:30.19 q-noVbv:31.62 q-Rceq:1.42 tex:35393 mv:24509 misc:11455 icu:45.50 pcu:5113.50 scu:27241.00 sc:0 ;
in:575 out:576 type:b q:31.62 q-aq:30.28 q-noVbv:31.62 q-Rceq:1.42 tex:30638 mv:21703 misc:10218 icu:60.50 pcu:4856.00 scu:27483.50 sc:0 ;
in:581 out:577 type:P q:29.35 q-aq:24.18 q-noVbv:29.35 q-Rceq:1.42 tex:432521 mv:96706 misc:36708 icu:2696.75 pcu:22375.25 scu:7328.00 sc:0 ;
in:579 out:578 type:B q:30.48 q-aq:28.59 q-noVbv:30.48 q-Rceq:1.42 tex:90098 mv:44010 misc:18753 icu:296.50 pcu:10334.50 scu:21769.00 sc:0 ;
in:577 out:579 type:b q:31.62 q-aq:30.01 q-noVbv:31.62 q-Rceq:1.42 tex:41299 mv:27311 misc:12033 icu:97.50 pcu:6495.00 scu:25807.50 sc:0 ;
in:578 out:580 type:b q:31.62 q-aq:30.13 q-noVbv:31.62 q-Rceq:1.42 tex:59645 mv:28699 misc:13729 icu:133.75 pcu:7449.75 scu:24816.50 sc:0 ;
in:580 out:581 type:b q:31.62 q-aq:30.19 q-noVbv:31.62 q-Rceq:1.42 tex:46908 mv:25558 misc:12297 icu:87.50 pcu:6542.75 scu:25769.75 sc:0 ;
in:586 out:582 type:P q:29.32 q-aq:26.30 q-noVbv:29.32 q-Rceq:1.42 tex:258900 mv:64571 misc:27902 icu:2071.25 pcu:19353.25 scu:10975.50 sc:0 ;
in:584 out:583 type:B q:30.47 q-aq:28.39 q-noVbv:30.47 q-Rceq:1.42 tex:113955 mv:44584 misc:18856 icu:429.00 pcu:10769.25 scu:21201.75 sc:0 ;
in:582 out:584 type:b q:31.61 q-aq:30.15 q-noVbv:31.61 q-Rceq:1.42 tex:43356 mv:24782 misc:11805 icu:88.50 pcu:6218.25 scu:26093.25 sc:0 ;
in:583 out:585 type:b q:31.61 q-aq:30.10 q-noVbv:31.61 q-Rceq:1.42 tex:40285 mv:27366 misc:12152 icu:85.50 pcu:6982.50 scu:25332.00 sc:0 ;
in:585 out:586 type:b q:31.60 q-aq:30.11 q-noVbv:31.60 q-Rceq:1.42 tex:34659 mv:22609 misc:10561 icu:81.25 pcu:5879.50 scu:26439.25 sc:0 ;
